[2026-01-07 18:27:57.710] [Info] [SystemSettingsMonitor] Starting System Settings monitoring...
[2026-01-07 18:27:59.141] [Info] [WMI] Process ended: ctfmon.exe | EventType=ProcessTerminated, Caption=ctfmon.exe, CommandLine=/QuitInfo:00000000000002D8;00000000000002A4; , Description=ctfmon.exe, Name=ctfmon.exe, ProcessId=20628
[2026-01-07 18:27:59.265] [Info] [SystemSettingsMonitor] System Settings monitoring started
[2026-01-07 18:39:20.474] [Info] [SystemSettingsMonitor] Starting System Settings monitoring...
[2026-01-07 18:39:21.472] [Info] [SystemSettingsMonitor] System Settings monitoring started
[2026-01-07 18:39:23.764] [Info] [WMI] Service changed: pgagent-pg17 | EventType=ServiceModified, Caption=PostgreSQL Scheduling Agent - pgagent-pg17, Description=Provides the ability to schedule tasks within a Postgres database server., Name=pgagent-pg17, ProcessId=6984, State=Start Pending, Status=OK
[2026-01-07 18:39:24.193] [Info] [WMI] Process ended: ctfmon.exe | EventType=ProcessTerminated, Caption=ctfmon.exe, CommandLine=/QuitInfo:00000000000002E0;00000000000002E4; , Description=ctfmon.exe, Name=ctfmon.exe, ProcessId=21548
[2026-01-07 18:39:26.262] [Info] [WMI] Service changed: pgagent-pg17 | EventType=ServiceModified, Caption=PostgreSQL Scheduling Agent - pgagent-pg17, Description=Provides the ability to schedule tasks within a Postgres database server., Name=pgagent-pg17, ProcessId=6984, State=Start Pending, Status=OK
[2026-01-07 18:39:26.404] [Info] [WMI] Disk changed: C: | EventType=DiskChanged, Caption=C:, Description=Local Fixed Disk, DeviceID=C:, Name=C:
[2026-01-07 18:39:26.404] [Info] [WMI] Disk changed: D: | EventType=DiskChanged, Caption=D:, Description=Local Fixed Disk, DeviceID=D:, Name=D:
[2026-01-07 18:39:28.614] [Info] [WMI] Service changed: pgagent-pg17 | EventType=ServiceModified, Caption=PostgreSQL Scheduling Agent - pgagent-pg17, Description=Provides the ability to schedule tasks within a Postgres database server., Name=pgagent-pg17, ProcessId=6984, State=Start Pending, Status=OK
[2026-01-07 18:39:31.027] [Info] [WMI] Service changed: pgagent-pg17 | EventType=ServiceModified, Caption=PostgreSQL Scheduling Agent - pgagent-pg17, Description=Provides the ability to schedule tasks within a Postgres database server., Name=pgagent-pg17, ProcessId=6984, State=Start Pending, Status=OK
[2026-01-07 18:39:31.417] [Info] [WMI] Disk changed: C: | EventType=DiskChanged, Caption=C:, Description=Local Fixed Disk, DeviceID=C:, Name=C:
[2026-01-07 18:39:32.014] [Info] [WMI] Process ended: powershell.exe | EventType=ProcessTerminated, Caption=powershell.exe, CommandLine=C:\Windows\System32\WindowsPowerShell\v1.0\powershell.exe, Description=powershell.exe, Name=powershell.exe, ProcessId=15200
[2026-01-07 18:39:32.014] [Info] [WMI] Process ended: OpenConsole.exe | EventType=ProcessTerminated, Caption=OpenConsole.exe, CommandLine="C:\Program Files\WindowsApps\Microsoft.WindowsTerminal_1.23.13503.0_x64__8wekyb3d8bbwe\OpenConsole.exe" --headless --textMeasurement graphemes --width 120 --height 30 --signal 0xf68 --server 0xe50, Description=OpenConsole.exe, Name=OpenConsole.exe, ProcessId=3400
[2026-01-07 18:39:33.460] [Info] [WMI] Service changed: pgagent-pg17 | EventType=ServiceModified, Caption=PostgreSQL Scheduling Agent - pgagent-pg17, Description=Provides the ability to schedule tasks within a Postgres database server., Name=pgagent-pg17, ProcessId=6984, State=Start Pending, Status=OK
[2026-01-07 18:39:35.858] [Info] [WMI] Service changed: pgagent-pg17 | EventType=ServiceModified, Caption=PostgreSQL Scheduling Agent - pgagent-pg17, Description=Provides the ability to schedule tasks within a Postgres database server., Name=pgagent-pg17, ProcessId=6984, State=Start Pending, Status=OK
[2026-01-07 18:39:36.428] [Info] [WMI] Disk changed: C: | EventType=DiskChanged, Caption=C:, Description=Local Fixed Disk, DeviceID=C:, Name=C:
[2026-01-07 18:39:36.429] [Info] [WMI] Disk changed: D: | EventType=DiskChanged, Caption=D:, Description=Local Fixed Disk, DeviceID=D:, Name=D:
[2026-01-07 18:39:36.518] [Info] [WMI] Process started: dllhost.exe | EventType=ProcessCreated, Caption=dllhost.exe, CommandLine=C:\Windows\system32\DllHost.exe /Processid:{AB8902B4-09CA-4BB6-B78D-A8F59079A8D5}, Description=dllhost.exe, Name=dllhost.exe, ProcessId=20688
[2026-01-07 18:39:38.329] [Info] [WMI] Service changed: pgagent-pg17 | EventType=ServiceModified, Caption=PostgreSQL Scheduling Agent - pgagent-pg17, Description=Provides the ability to schedule tasks within a Postgres database server., Name=pgagent-pg17, ProcessId=6984, State=Start Pending, Status=OK
[2026-01-07 18:39:40.753] [Info] [WMI] Service changed: pgagent-pg17 | EventType=ServiceModified, Caption=PostgreSQL Scheduling Agent - pgagent-pg17, Description=Provides the ability to schedule tasks within a Postgres database server., Name=pgagent-pg17, ProcessId=6984, State=Start Pending, Status=OK
[2026-01-07 18:39:41.096] [Info] [WMI] Process ended: dllhost.exe | EventType=ProcessTerminated, Caption=dllhost.exe, CommandLine=C:\Windows\system32\DllHost.exe /Processid:{AB8902B4-09CA-4BB6-B78D-A8F59079A8D5}, Description=dllhost.exe, Name=dllhost.exe, ProcessId=20688
[2026-01-07 18:39:41.443] [Info] [WMI] Disk changed: C: | EventType=DiskChanged, Caption=C:, Description=Local Fixed Disk, DeviceID=C:, Name=C:
[2026-01-07 18:39:41.443] [Info] [WMI] Disk changed: D: | EventType=DiskChanged, Caption=D:, Description=Local Fixed Disk, DeviceID=D:, Name=D:
[2026-01-07 18:39:43.221] [Info] [WMI] Service changed: pgagent-pg17 | EventType=ServiceModified, Caption=PostgreSQL Scheduling Agent - pgagent-pg17, Description=Provides the ability to schedule tasks within a Postgres database server., Name=pgagent-pg17, ProcessId=6984, State=Start Pending, Status=OK
[2026-01-07 18:39:45.722] [Info] [WMI] Service changed: pgagent-pg17 | EventType=ServiceModified, Caption=PostgreSQL Scheduling Agent - pgagent-pg17, Description=Provides the ability to schedule tasks within a Postgres database server., Name=pgagent-pg17, ProcessId=6984, State=Start Pending, Status=OK
[2026-01-07 18:39:46.454] [Info] [WMI] Disk changed: C: | EventType=DiskChanged, Caption=C:, Description=Local Fixed Disk, DeviceID=C:, Name=C:
[2026-01-07 18:39:48.199] [Info] [WMI] Service changed: pgagent-pg17 | EventType=ServiceModified, Caption=PostgreSQL Scheduling Agent - pgagent-pg17, Description=Provides the ability to schedule tasks within a Postgres database server., Name=pgagent-pg17, ProcessId=6984, State=Start Pending, Status=OK
[2026-01-07 18:39:50.166] [Info] [WMI] Process ended: RuntimeBroker.exe | EventType=ProcessTerminated, Caption=RuntimeBroker.exe, Description=RuntimeBroker.exe, Name=RuntimeBroker.exe, ProcessId=22224
[2026-01-07 18:39:50.176] [Info] [WMI] Process started: postgres.exe | EventType=ProcessCreated, Caption=postgres.exe, Description=postgres.exe, Name=postgres.exe, ProcessId=9108
[2026-01-07 18:39:50.621] [Info] [WMI] Service changed: pgagent-pg17 | EventType=ServiceModified, Caption=PostgreSQL Scheduling Agent - pgagent-pg17, Description=Provides the ability to schedule tasks within a Postgres database server., Name=pgagent-pg17, ProcessId=6984, State=Start Pending, Status=OK
[2026-01-07 18:39:51.319] [Info] [WMI] Process ended: postgres.exe | EventType=ProcessTerminated, Caption=postgres.exe, Description=postgres.exe, Name=postgres.exe, ProcessId=9108
[2026-01-07 18:39:51.467] [Info] [WMI] Disk changed: D: | EventType=DiskChanged, Caption=D:, Description=Local Fixed Disk, DeviceID=D:, Name=D:
[2026-01-07 18:39:53.053] [Info] [WMI] Service changed: pgagent-pg17 | EventType=ServiceModified, Caption=PostgreSQL Scheduling Agent - pgagent-pg17, Description=Provides the ability to schedule tasks within a Postgres database server., Name=pgagent-pg17, ProcessId=6984, State=Start Pending, Status=OK
[2026-01-07 18:39:55.525] [Info] [WMI] Service changed: pgagent-pg17 | EventType=ServiceModified, Caption=PostgreSQL Scheduling Agent - pgagent-pg17, Description=Provides the ability to schedule tasks within a Postgres database server., Name=pgagent-pg17, ProcessId=6984, State=Start Pending, Status=OK
[2026-01-07 18:39:57.890] [Info] [WMI] Service changed: pgagent-pg17 | EventType=ServiceModified, Caption=PostgreSQL Scheduling Agent - pgagent-pg17, Description=Provides the ability to schedule tasks within a Postgres database server., Name=pgagent-pg17, ProcessId=6984, State=Start Pending, Status=OK
[2026-01-07 18:39:58.090] [Info] [WMI] Process started: Notepad.exe | EventType=ProcessCreated, Caption=Notepad.exe, CommandLine="C:\Program Files\WindowsApps\Microsoft.WindowsNotepad_11.2508.38.0_x64__8wekyb3d8bbwe\Notepad\Notepad.exe" "D:\agent log\SystemChangeMonitor\bin\Release\net8.0\win-x64\Logs\FileSystem_2026-01-07.log", Description=Notepad.exe, Name=Notepad.exe, ProcessId=11752
[2026-01-07 18:39:58.090] [Info] [WMI] Process started: dllhost.exe | EventType=ProcessCreated, Caption=dllhost.exe, CommandLine=C:\Windows\system32\DllHost.exe /Processid:{AB8902B4-09CA-4BB6-B78D-A8F59079A8D5}, Description=dllhost.exe, Name=dllhost.exe, ProcessId=8756
[2026-01-07 18:40:00.333] [Info] [WMI] Service changed: pgagent-pg17 | EventType=ServiceModified, Caption=PostgreSQL Scheduling Agent - pgagent-pg17, Description=Provides the ability to schedule tasks within a Postgres database server., Name=pgagent-pg17, ProcessId=6984, State=Start Pending, Status=OK
[2026-01-07 18:40:01.501] [Info] [WMI] Disk changed: C: | EventType=DiskChanged, Caption=C:, Description=Local Fixed Disk, DeviceID=C:, Name=C:
[2026-01-07 18:40:01.501] [Info] [WMI] Disk changed: D: | EventType=DiskChanged, Caption=D:, Description=Local Fixed Disk, DeviceID=D:, Name=D:
[2026-01-07 18:40:02.780] [Info] [WMI] Service changed: pgagent-pg17 | EventType=ServiceModified, Caption=PostgreSQL Scheduling Agent - pgagent-pg17, Description=Provides the ability to schedule tasks within a Postgres database server., Name=pgagent-pg17, ProcessId=6984, State=Start Pending, Status=OK
[2026-01-07 18:40:03.662] [Info] [WMI] Process ended: dllhost.exe | EventType=ProcessTerminated, Caption=dllhost.exe, CommandLine=C:\Windows\system32\DllHost.exe /Processid:{AB8902B4-09CA-4BB6-B78D-A8F59079A8D5}, Description=dllhost.exe, Name=dllhost.exe, ProcessId=8756
[2026-01-07 18:40:05.238] [Info] [WMI] Service changed: pgagent-pg17 | EventType=ServiceModified, Caption=PostgreSQL Scheduling Agent - pgagent-pg17, Description=Provides the ability to schedule tasks within a Postgres database server., Name=pgagent-pg17, ProcessId=6984, State=Start Pending, Status=OK
[2026-01-07 18:40:06.510] [Info] [WMI] Disk changed: C: | EventType=DiskChanged, Caption=C:, Description=Local Fixed Disk, DeviceID=C:, Name=C:
[2026-01-07 18:40:07.653] [Info] [WMI] Service changed: pgagent-pg17 | EventType=ServiceModified, Caption=PostgreSQL Scheduling Agent - pgagent-pg17, Description=Provides the ability to schedule tasks within a Postgres database server., Name=pgagent-pg17, ProcessId=6984, State=Start Pending, Status=OK
[2026-01-07 18:40:08.192] [Info] [WMI] Process ended: Notepad.exe | EventType=ProcessTerminated, Caption=Notepad.exe, CommandLine="C:\Program Files\WindowsApps\Microsoft.WindowsNotepad_11.2508.38.0_x64__8wekyb3d8bbwe\Notepad\Notepad.exe" "D:\agent log\SystemChangeMonitor\bin\Release\net8.0\win-x64\Logs\FileSystem_2026-01-07.log", Description=Notepad.exe, Name=Notepad.exe, ProcessId=11752
[2026-01-07 18:40:09.307] [Info] [WMI] Process started: Notepad.exe | EventType=ProcessCreated, Caption=Notepad.exe, CommandLine="C:\Program Files\WindowsApps\Microsoft.WindowsNotepad_11.2508.38.0_x64__8wekyb3d8bbwe\Notepad\Notepad.exe" "D:\agent log\SystemChangeMonitor\bin\Release\net8.0\win-x64\Logs\Registry_2026-01-07.log", Description=Notepad.exe, Name=Notepad.exe, ProcessId=11124
[2026-01-07 18:40:09.308] [Info] [WMI] Process started: dllhost.exe | EventType=ProcessCreated, Caption=dllhost.exe, CommandLine=C:\Windows\system32\DllHost.exe /Processid:{AB8902B4-09CA-4BB6-B78D-A8F59079A8D5}, Description=dllhost.exe, Name=dllhost.exe, ProcessId=13552
[2026-01-07 18:40:10.104] [Info] [WMI] Service changed: pgagent-pg17 | EventType=ServiceModified, Caption=PostgreSQL Scheduling Agent - pgagent-pg17, Description=Provides the ability to schedule tasks within a Postgres database server., Name=pgagent-pg17, ProcessId=6984, State=Start Pending, Status=OK
[2026-01-07 18:40:11.524] [Info] [WMI] Disk changed: C: | EventType=DiskChanged, Caption=C:, Description=Local Fixed Disk, DeviceID=C:, Name=C:
[2026-01-07 18:40:11.525] [Info] [WMI] Disk changed: D: | EventType=DiskChanged, Caption=D:, Description=Local Fixed Disk, DeviceID=D:, Name=D:
[2026-01-07 18:40:12.501] [Info] [WMI] Service changed: pgagent-pg17 | EventType=ServiceModified, Caption=PostgreSQL Scheduling Agent - pgagent-pg17, Description=Provides the ability to schedule tasks within a Postgres database server., Name=pgagent-pg17, ProcessId=6984, State=Start Pending, Status=OK
[2026-01-07 18:40:14.959] [Info] [WMI] Service changed: pgagent-pg17 | EventType=ServiceModified, Caption=PostgreSQL Scheduling Agent - pgagent-pg17, Description=Provides the ability to schedule tasks within a Postgres database server., Name=pgagent-pg17, ProcessId=6984, State=Start Pending, Status=OK
[2026-01-07 18:40:14.960] [Info] [WMI] Process ended: dllhost.exe | EventType=ProcessTerminated, Caption=dllhost.exe, CommandLine=C:\Windows\system32\DllHost.exe /Processid:{AB8902B4-09CA-4BB6-B78D-A8F59079A8D5}, Description=dllhost.exe, Name=dllhost.exe, ProcessId=13552
[2026-01-07 18:40:17.448] [Info] [WMI] Service changed: pgagent-pg17 | EventType=ServiceModified, Caption=PostgreSQL Scheduling Agent - pgagent-pg17, Description=Provides the ability to schedule tasks within a Postgres database server., Name=pgagent-pg17, ProcessId=6984, State=Start Pending, Status=OK
[2026-01-07 18:40:18.329] [Info] [WMI] Process ended: Notepad.exe | EventType=ProcessTerminated, Caption=Notepad.exe, CommandLine="C:\Program Files\WindowsApps\Microsoft.WindowsNotepad_11.2508.38.0_x64__8wekyb3d8bbwe\Notepad\Notepad.exe" "D:\agent log\SystemChangeMonitor\bin\Release\net8.0\win-x64\Logs\Registry_2026-01-07.log", Description=Notepad.exe, Name=Notepad.exe, ProcessId=11124
[2026-01-07 18:40:19.792] [Info] [WMI] Service changed: pgagent-pg17 | EventType=ServiceModified, Caption=PostgreSQL Scheduling Agent - pgagent-pg17, Description=Provides the ability to schedule tasks within a Postgres database server., Name=pgagent-pg17, ProcessId=6984, State=Start Pending, Status=OK
[2026-01-07 18:40:20.515] [Info] [WMI] Process started: Notepad.exe | EventType=ProcessCreated, Caption=Notepad.exe, CommandLine="C:\Program Files\WindowsApps\Microsoft.WindowsNotepad_11.2508.38.0_x64__8wekyb3d8bbwe\Notepad\Notepad.exe" "D:\agent log\SystemChangeMonitor\bin\Release\net8.0\win-x64\Logs\Settings_2026-01-07.log", Description=Notepad.exe, Name=Notepad.exe, ProcessId=18960
[2026-01-07 18:40:20.516] [Info] [WMI] Process started: dllhost.exe | EventType=ProcessCreated, Caption=dllhost.exe, CommandLine=C:\Windows\system32\DllHost.exe /Processid:{AB8902B4-09CA-4BB6-B78D-A8F59079A8D5}, Description=dllhost.exe, Name=dllhost.exe, ProcessId=912
[2026-01-07 18:40:21.565] [Info] [WMI] Disk changed: C: | EventType=DiskChanged, Caption=C:, Description=Local Fixed Disk, DeviceID=C:, Name=C:
[2026-01-07 18:40:21.566] [Info] [WMI] Disk changed: D: | EventType=DiskChanged, Caption=D:, Description=Local Fixed Disk, DeviceID=D:, Name=D:
[2026-01-07 18:40:22.250] [Info] [WMI] Service changed: pgagent-pg17 | EventType=ServiceModified, Caption=PostgreSQL Scheduling Agent - pgagent-pg17, Description=Provides the ability to schedule tasks within a Postgres database server., Name=pgagent-pg17, ProcessId=6984, State=Start Pending, Status=OK
[2026-01-07 18:40:24.688] [Info] [WMI] Service changed: pgagent-pg17 | EventType=ServiceModified, Caption=PostgreSQL Scheduling Agent - pgagent-pg17, Description=Provides the ability to schedule tasks within a Postgres database server., Name=pgagent-pg17, ProcessId=6984, State=Start Pending, Status=OK
[2026-01-07 18:40:26.186] [Info] [WMI] Process ended: dllhost.exe | EventType=ProcessTerminated, Caption=dllhost.exe, CommandLine=C:\Windows\system32\DllHost.exe /Processid:{AB8902B4-09CA-4BB6-B78D-A8F59079A8D5}, Description=dllhost.exe, Name=dllhost.exe, ProcessId=912
[2026-01-07 18:40:26.580] [Info] [WMI] Disk changed: D: | EventType=DiskChanged, Caption=D:, Description=Local Fixed Disk, DeviceID=D:, Name=D:
[2026-01-07 18:40:27.124] [Info] [WMI] Service changed: pgagent-pg17 | EventType=ServiceModified, Caption=PostgreSQL Scheduling Agent - pgagent-pg17, Description=Provides the ability to schedule tasks within a Postgres database server., Name=pgagent-pg17, ProcessId=6984, State=Start Pending, Status=OK
[2026-01-07 18:40:29.610] [Info] [WMI] Service changed: pgagent-pg17 | EventType=ServiceModified, Caption=PostgreSQL Scheduling Agent - pgagent-pg17, Description=Provides the ability to schedule tasks within a Postgres database server., Name=pgagent-pg17, ProcessId=6984, State=Start Pending, Status=OK
[2026-01-07 18:40:30.672] [Info] [WMI] Process ended: Notepad.exe | EventType=ProcessTerminated, Caption=Notepad.exe, CommandLine="C:\Program Files\WindowsApps\Microsoft.WindowsNotepad_11.2508.38.0_x64__8wekyb3d8bbwe\Notepad\Notepad.exe" "D:\agent log\SystemChangeMonitor\bin\Release\net8.0\win-x64\Logs\Settings_2026-01-07.log", Description=Notepad.exe, Name=Notepad.exe, ProcessId=18960
[2026-01-07 18:40:31.605] [Info] [WMI] Disk changed: C: | EventType=DiskChanged, Caption=C:, Description=Local Fixed Disk, DeviceID=C:, Name=C:
[2026-01-07 18:40:31.605] [Info] [WMI] Disk changed: D: | EventType=DiskChanged, Caption=D:, Description=Local Fixed Disk, DeviceID=D:, Name=D:
[2026-01-07 18:40:31.759] [Info] [WMI] Process started: Notepad.exe | EventType=ProcessCreated, Caption=Notepad.exe, CommandLine="C:\Program Files\WindowsApps\Microsoft.WindowsNotepad_11.2508.38.0_x64__8wekyb3d8bbwe\Notepad\Notepad.exe" "D:\agent log\SystemChangeMonitor\bin\Release\net8.0\win-x64\Logs\System_2026-01-07.log", Description=Notepad.exe, Name=Notepad.exe, ProcessId=5392
[2026-01-07 18:40:31.960] [Info] [WMI] Service changed: pgagent-pg17 | EventType=ServiceModified, Caption=PostgreSQL Scheduling Agent - pgagent-pg17, Description=Provides the ability to schedule tasks within a Postgres database server., Name=pgagent-pg17, ProcessId=6984, State=Start Pending, Status=OK
[2026-01-07 18:40:32.884] [Info] [WMI] Process started: dllhost.exe | EventType=ProcessCreated, Caption=dllhost.exe, CommandLine=C:\Windows\system32\DllHost.exe /Processid:{AB8902B4-09CA-4BB6-B78D-A8F59079A8D5}, Description=dllhost.exe, Name=dllhost.exe, ProcessId=20320
[2026-01-07 18:40:34.393] [Info] [WMI] Service changed: pgagent-pg17 | EventType=ServiceModified, Caption=PostgreSQL Scheduling Agent - pgagent-pg17, Description=Provides the ability to schedule tasks within a Postgres database server., Name=pgagent-pg17, ProcessId=6984, State=Start Pending, Status=OK
[2026-01-07 18:40:36.627] [Info] [WMI] Disk changed: D: | EventType=DiskChanged, Caption=D:, Description=Local Fixed Disk, DeviceID=D:, Name=D:
[2026-01-07 18:40:36.839] [Info] [WMI] Service changed: pgagent-pg17 | EventType=ServiceModified, Caption=PostgreSQL Scheduling Agent - pgagent-pg17, Description=Provides the ability to schedule tasks within a Postgres database server., Name=pgagent-pg17, ProcessId=6984, State=Start Pending, Status=OK
[2026-01-07 18:40:37.439] [Info] [WMI] Process ended: dllhost.exe | EventType=ProcessTerminated, Caption=dllhost.exe, CommandLine=C:\Windows\system32\DllHost.exe /Processid:{AB8902B4-09CA-4BB6-B78D-A8F59079A8D5}, Description=dllhost.exe, Name=dllhost.exe, ProcessId=20320
[2026-01-07 18:40:38.562] [Info] [WMI] Process ended: Notepad.exe | EventType=ProcessTerminated, Caption=Notepad.exe, CommandLine="C:\Program Files\WindowsApps\Microsoft.WindowsNotepad_11.2508.38.0_x64__8wekyb3d8bbwe\Notepad\Notepad.exe" "D:\agent log\SystemChangeMonitor\bin\Release\net8.0\win-x64\Logs\System_2026-01-07.log", Description=Notepad.exe, Name=Notepad.exe, ProcessId=5392
[2026-01-07 18:40:39.203] [Info] [WMI] Service changed: pgagent-pg17 | EventType=ServiceModified, Caption=PostgreSQL Scheduling Agent - pgagent-pg17, Description=Provides the ability to schedule tasks within a Postgres database server., Name=pgagent-pg17, ProcessId=6984, State=Start Pending, Status=OK
[2026-01-07 18:40:39.687] [Info] [WMI] Process started: Notepad.exe | EventType=ProcessCreated, Caption=Notepad.exe, CommandLine="C:\Program Files\WindowsApps\Microsoft.WindowsNotepad_11.2508.38.0_x64__8wekyb3d8bbwe\Notepad\Notepad.exe" "D:\agent log\SystemChangeMonitor\bin\Release\net8.0\win-x64\Logs\System_2026-01-07.log", Description=Notepad.exe, Name=Notepad.exe, ProcessId=13040
[2026-01-07 18:40:41.647] [Info] [WMI] Disk changed: C: | EventType=DiskChanged, Caption=C:, Description=Local Fixed Disk, DeviceID=C:, Name=C:
[2026-01-07 18:40:41.647] [Info] [WMI] Disk changed: D: | EventType=DiskChanged, Caption=D:, Description=Local Fixed Disk, DeviceID=D:, Name=D:
[2026-01-07 18:40:41.647] [Info] [WMI] Service changed: pgagent-pg17 | EventType=ServiceModified, Caption=PostgreSQL Scheduling Agent - pgagent-pg17, Description=Provides the ability to schedule tasks within a Postgres database server., Name=pgagent-pg17, ProcessId=6984, State=Start Pending, Status=OK
[2026-01-07 18:40:44.109] [Info] [WMI] Service changed: pgagent-pg17 | EventType=ServiceModified, Caption=PostgreSQL Scheduling Agent - pgagent-pg17, Description=Provides the ability to schedule tasks within a Postgres database server., Name=pgagent-pg17, ProcessId=6984, State=Start Pending, Status=OK
[2026-01-07 18:40:46.566] [Info] [WMI] Service changed: pgagent-pg17 | EventType=ServiceModified, Caption=PostgreSQL Scheduling Agent - pgagent-pg17, Description=Provides the ability to schedule tasks within a Postgres database server., Name=pgagent-pg17, ProcessId=6984, State=Start Pending, Status=OK
[2026-01-07 18:40:49.023] [Info] [WMI] Service changed: pgagent-pg17 | EventType=ServiceModified, Caption=PostgreSQL Scheduling Agent - pgagent-pg17, Description=Provides the ability to schedule tasks within a Postgres database server., Name=pgagent-pg17, ProcessId=6984, State=Start Pending, Status=OK
[2026-01-07 18:40:51.471] [Info] [WMI] Service changed: pgagent-pg17 | EventType=ServiceModified, Caption=PostgreSQL Scheduling Agent - pgagent-pg17, Description=Provides the ability to schedule tasks within a Postgres database server., Name=pgagent-pg17, ProcessId=6984, State=Start Pending, Status=OK
[2026-01-07 18:40:53.923] [Info] [WMI] Service changed: pgagent-pg17 | EventType=ServiceModified, Caption=PostgreSQL Scheduling Agent - pgagent-pg17, Description=Provides the ability to schedule tasks within a Postgres database server., Name=pgagent-pg17, ProcessId=6984, State=Start Pending, Status=OK
[2026-01-07 18:40:56.381] [Info] [WMI] Service changed: pgagent-pg17 | EventType=ServiceModified, Caption=PostgreSQL Scheduling Agent - pgagent-pg17, Description=Provides the ability to schedule tasks within a Postgres database server., Name=pgagent-pg17, ProcessId=6984, State=Start Pending, Status=OK
[2026-01-07 18:40:56.696] [Info] [WMI] Disk changed: C: | EventType=DiskChanged, Caption=C:, Description=Local Fixed Disk, DeviceID=C:, Name=C:
[2026-01-07 18:40:58.848] [Info] [WMI] Service changed: pgagent-pg17 | EventType=ServiceModified, Caption=PostgreSQL Scheduling Agent - pgagent-pg17, Description=Provides the ability to schedule tasks within a Postgres database server., Name=pgagent-pg17, ProcessId=6984, State=Start Pending, Status=OK
[2026-01-07 18:41:01.274] [Info] [WMI] Service changed: pgagent-pg17 | EventType=ServiceModified, Caption=PostgreSQL Scheduling Agent - pgagent-pg17, Description=Provides the ability to schedule tasks within a Postgres database server., Name=pgagent-pg17, ProcessId=6984, State=Start Pending, Status=OK
[2026-01-07 18:41:02.294] [Info] [WMI] Process ended: Notepad.exe | EventType=ProcessTerminated, Caption=Notepad.exe, Description=Notepad.exe, Name=Notepad.exe, ProcessId=13040
[2026-01-07 18:41:03.373] [Info] [WMI] Process started: dllhost.exe | EventType=ProcessCreated, Caption=dllhost.exe, CommandLine=C:\Windows\system32\DllHost.exe /Processid:{AB8902B4-09CA-4BB6-B78D-A8F59079A8D5}, Description=dllhost.exe, Name=dllhost.exe, ProcessId=14020
[2026-01-07 18:41:03.373] [Info] [WMI] Process started: Notepad.exe | EventType=ProcessCreated, Caption=Notepad.exe, CommandLine="C:\Program Files\WindowsApps\Microsoft.WindowsNotepad_11.2508.38.0_x64__8wekyb3d8bbwe\Notepad\Notepad.exe" "D:\agent log\SystemChangeMonitor\bin\Release\net8.0\win-x64\Logs\WindowsEvents_2026-01-07.log", Description=Notepad.exe, Name=Notepad.exe, ProcessId=3152
[2026-01-07 18:41:03.645] [Info] [WMI] Service changed: pgagent-pg17 | EventType=ServiceModified, Caption=PostgreSQL Scheduling Agent - pgagent-pg17, Description=Provides the ability to schedule tasks within a Postgres database server., Name=pgagent-pg17, ProcessId=6984, State=Start Pending, Status=OK
[2026-01-07 18:41:06.129] [Info] [WMI] Service changed: pgagent-pg17 | EventType=ServiceModified, Caption=PostgreSQL Scheduling Agent - pgagent-pg17, Description=Provides the ability to schedule tasks within a Postgres database server., Name=pgagent-pg17, ProcessId=6984, State=Start Pending, Status=OK
[2026-01-07 18:41:06.726] [Info] [WMI] Disk changed: C: | EventType=DiskChanged, Caption=C:, Description=Local Fixed Disk, DeviceID=C:, Name=C:
[2026-01-07 18:41:06.727] [Info] [WMI] Disk changed: D: | EventType=DiskChanged, Caption=D:, Description=Local Fixed Disk, DeviceID=D:, Name=D:
[2026-01-07 18:41:08.525] [Info] [WMI] Service changed: pgagent-pg17 | EventType=ServiceModified, Caption=PostgreSQL Scheduling Agent - pgagent-pg17, Description=Provides the ability to schedule tasks within a Postgres database server., Name=pgagent-pg17, ProcessId=6984, State=Start Pending, Status=OK
[2026-01-07 18:41:09.065] [Info] [WMI] Process ended: dllhost.exe | EventType=ProcessTerminated, Caption=dllhost.exe, CommandLine=C:\Windows\system32\DllHost.exe /Processid:{AB8902B4-09CA-4BB6-B78D-A8F59079A8D5}, Description=dllhost.exe, Name=dllhost.exe, ProcessId=14020
[2026-01-07 18:41:10.215] [Info] [WMI] Process ended: Notepad.exe | EventType=ProcessTerminated, Caption=Notepad.exe, CommandLine="C:\Program Files\WindowsApps\Microsoft.WindowsNotepad_11.2508.38.0_x64__8wekyb3d8bbwe\Notepad\Notepad.exe" "D:\agent log\SystemChangeMonitor\bin\Release\net8.0\win-x64\Logs\WindowsEvents_2026-01-07.log", Description=Notepad.exe, Name=Notepad.exe, ProcessId=3152
[2026-01-07 18:41:10.969] [Info] [WMI] Service changed: pgagent-pg17 | EventType=ServiceModified, Caption=PostgreSQL Scheduling Agent - pgagent-pg17, Description=Provides the ability to schedule tasks within a Postgres database server., Name=pgagent-pg17, ProcessId=6984, State=Start Pending, Status=OK
[2026-01-07 18:41:11.739] [Info] [WMI] Disk changed: C: | EventType=DiskChanged, Caption=C:, Description=Local Fixed Disk, DeviceID=C:, Name=C:
[2026-01-07 18:41:11.739] [Info] [WMI] Disk changed: D: | EventType=DiskChanged, Caption=D:, Description=Local Fixed Disk, DeviceID=D:, Name=D:
[2026-01-07 18:41:13.425] [Info] [WMI] Service changed: pgagent-pg17 | EventType=ServiceModified, Caption=PostgreSQL Scheduling Agent - pgagent-pg17, Description=Provides the ability to schedule tasks within a Postgres database server., Name=pgagent-pg17, ProcessId=6984, State=Start Pending, Status=OK
[2026-01-07 18:41:14.757] [Info] [WMI] Process started: Taskmgr.exe | EventType=ProcessCreated, Caption=Taskmgr.exe, CommandLine="C:\Windows\system32\taskmgr.exe" /4, Description=Taskmgr.exe, Name=Taskmgr.exe, ProcessId=15212
[2026-01-07 18:41:15.872] [Info] [WMI] Service changed: pgagent-pg17 | EventType=ServiceModified, Caption=PostgreSQL Scheduling Agent - pgagent-pg17, Description=Provides the ability to schedule tasks within a Postgres database server., Name=pgagent-pg17, ProcessId=6984, State=Start Pending, Status=OK
[2026-01-07 18:41:16.758] [Info] [WMI] Disk changed: C: | EventType=DiskChanged, Caption=C:, Description=Local Fixed Disk, DeviceID=C:, Name=C:
[2026-01-07 18:41:18.117] [Info] [WMI] Process started: svchost.exe | EventType=ProcessCreated, Caption=svchost.exe, Description=svchost.exe, Name=svchost.exe, ProcessId=19040
[2026-01-07 18:41:18.280] [Info] [WMI] Service changed: AppXSvc | EventType=ServiceModified, Caption=AppX Deployment Service (AppXSVC), Description=Provides infrastructure support for deploying Store applications. This service is started on demand and if disabled Store applications will not be deployed to the system, and may not function properly., Name=AppXSvc, ProcessId=19040, State=Running, Status=OK
[2026-01-07 18:41:18.281] [Info] [WMI] Service changed: pgagent-pg17 | EventType=ServiceModified, Caption=PostgreSQL Scheduling Agent - pgagent-pg17, Description=Provides the ability to schedule tasks within a Postgres database server., Name=pgagent-pg17, ProcessId=6984, State=Start Pending, Status=OK
[2026-01-07 18:41:20.379] [Info] [WMI] Process started: postgres.exe | EventType=ProcessCreated, Caption=postgres.exe, Description=postgres.exe, Name=postgres.exe, ProcessId=21620
[2026-01-07 18:41:20.749] [Info] [WMI] Service changed: pgagent-pg17 | EventType=ServiceModified, Caption=PostgreSQL Scheduling Agent - pgagent-pg17, Description=Provides the ability to schedule tasks within a Postgres database server., Name=pgagent-pg17, ProcessId=6984, State=Start Pending, Status=OK
[2026-01-07 18:41:21.493] [Info] [WMI] Process ended: postgres.exe | EventType=ProcessTerminated, Caption=postgres.exe, Description=postgres.exe, Name=postgres.exe, ProcessId=21620
[2026-01-07 18:41:21.768] [Info] [WMI] Disk changed: C: | EventType=DiskChanged, Caption=C:, Description=Local Fixed Disk, DeviceID=C:, Name=C:
[2026-01-07 18:41:22.634] [Info] [WMI] Process started: taskhostw.exe | EventType=ProcessCreated, Caption=taskhostw.exe, CommandLine=taskhostw.exe, Description=taskhostw.exe, Name=taskhostw.exe, ProcessId=15256
[2026-01-07 18:41:22.634] [Info] [WMI] Process started: RuntimeBroker.exe | EventType=ProcessCreated, Caption=RuntimeBroker.exe, CommandLine=C:\Windows\System32\RuntimeBroker.exe -Embedding, Description=RuntimeBroker.exe, Name=RuntimeBroker.exe, ProcessId=7160
[2026-01-07 18:41:23.196] [Info] [WMI] Service changed: pgagent-pg17 | EventType=ServiceModified, Caption=PostgreSQL Scheduling Agent - pgagent-pg17, Description=Provides the ability to schedule tasks within a Postgres database server., Name=pgagent-pg17, ProcessId=6984, State=Start Pending, Status=OK
[2026-01-07 18:41:23.783] [Info] [WMI] Process started: sppsvc.exe | EventType=ProcessCreated, Caption=sppsvc.exe, Description=sppsvc.exe, Name=sppsvc.exe, ProcessId=18756
[2026-01-07 18:41:24.923] [Info] [WMI] Process ended: taskhostw.exe | EventType=ProcessTerminated, Caption=taskhostw.exe, CommandLine=taskhostw.exe, Description=taskhostw.exe, Name=taskhostw.exe, ProcessId=15256
[2026-01-07 18:41:25.643] [Info] [WMI] Service changed: pgagent-pg17 | EventType=ServiceModified, Caption=PostgreSQL Scheduling Agent - pgagent-pg17, Description=Provides the ability to schedule tasks within a Postgres database server., Name=pgagent-pg17, ProcessId=6984, State=Start Pending, Status=OK
[2026-01-07 18:41:25.643] [Info] [WMI] Service changed: sppsvc | EventType=ServiceModified, Caption=Software Protection, Description=Enables the download, installation and enforcement of digital licenses for Windows and Windows applications. If the service is disabled, the operating system and licensed applications may run in a notification mode. It is strongly recommended that you not disable the Software Protection service., Name=sppsvc, ProcessId=18756, State=Running, Status=OK
[2026-01-07 18:41:26.777] [Info] [WMI] Disk changed: C: | EventType=DiskChanged, Caption=C:, Description=Local Fixed Disk, DeviceID=C:, Name=C:
[2026-01-07 18:41:26.777] [Info] [WMI] Disk changed: D: | EventType=DiskChanged, Caption=D:, Description=Local Fixed Disk, DeviceID=D:, Name=D:
[2026-01-07 18:41:28.115] [Info] [WMI] Service changed: pgagent-pg17 | EventType=ServiceModified, Caption=PostgreSQL Scheduling Agent - pgagent-pg17, Description=Provides the ability to schedule tasks within a Postgres database server., Name=pgagent-pg17, ProcessId=6984, State=Start Pending, Status=OK
[2026-01-07 18:41:30.584] [Info] [WMI] Service changed: pgagent-pg17 | EventType=ServiceModified, Caption=PostgreSQL Scheduling Agent - pgagent-pg17, Description=Provides the ability to schedule tasks within a Postgres database server., Name=pgagent-pg17, ProcessId=6984, State=Start Pending, Status=OK
[2026-01-07 18:41:31.797] [Info] [WMI] Disk changed: C: | EventType=DiskChanged, Caption=C:, Description=Local Fixed Disk, DeviceID=C:, Name=C:
[2026-01-07 18:41:31.797] [Info] [WMI] Disk changed: D: | EventType=DiskChanged, Caption=D:, Description=Local Fixed Disk, DeviceID=D:, Name=D:
[2026-01-07 18:41:33.047] [Info] [WMI] Service changed: pgagent-pg17 | EventType=ServiceModified, Caption=PostgreSQL Scheduling Agent - pgagent-pg17, Description=Provides the ability to schedule tasks within a Postgres database server., Name=pgagent-pg17, ProcessId=6984, State=Start Pending, Status=OK
[2026-01-07 18:41:35.491] [Info] [WMI] Service changed: pgagent-pg17 | EventType=ServiceModified, Caption=PostgreSQL Scheduling Agent - pgagent-pg17, Description=Provides the ability to schedule tasks within a Postgres database server., Name=pgagent-pg17, ProcessId=6984, State=Start Pending, Status=OK
[2026-01-07 18:41:36.809] [Info] [WMI] Disk changed: C: | EventType=DiskChanged, Caption=C:, Description=Local Fixed Disk, DeviceID=C:, Name=C:
[2026-01-07 18:41:37.328] [Info] [SystemSettingsMonitor] Stopping System Settings monitoring...
[2026-01-07 18:41:37.361] [Info] [SystemSettingsMonitor] System Settings monitoring stopped
[2026-01-07 18:43:10.815] [Info] [SystemSettingsMonitor] Starting System Settings monitoring...
[2026-01-07 18:43:11.779] [Info] [SystemSettingsMonitor] System Settings monitoring started
[2026-01-07 18:43:12.283] [Info] [WMI] Process ended: chrome.exe | EventType=ProcessTerminated, Caption=chrome.exe, CommandLine="C:\Program Files\Google\Chrome\Application\chrome.exe" --type=renderer --origin-trial-disabled-features=CanvasTextNg|WebAssemblyCustomDescriptors --video-capture-use-gpu-memory-buffer --lang=en-US --device-scale-factor=1.25 --num-raster-threads=4 --enable-main-frame-before-activation --renderer-client-id=71 --time-ticks-at-unix-epoch=-1767796650936569 --launch-time-ticks=2074061856 --metrics-shmem-handle=6568,i,2500579729017827465,10619319864957021775,2097152 --field-trial-handle=1928,i,10148407519673356248,550242268277324309,262144 --variations-seed-version=20260107-010038.635000 --trace-process-track-uuid=3190709052841842773 --mojo-platform-channel-handle=5712 /prefetch:1, Description=chrome.exe, Name=chrome.exe, ProcessId=13840
[2026-01-07 18:43:14.098] [Info] [WMI] Service changed: pgagent-pg17 | EventType=ServiceModified, Caption=PostgreSQL Scheduling Agent - pgagent-pg17, Description=Provides the ability to schedule tasks within a Postgres database server., Name=pgagent-pg17, ProcessId=6984, State=Start Pending, Status=OK
[2026-01-07 18:43:14.543] [Info] [WMI] Process ended: ctfmon.exe | EventType=ProcessTerminated, Caption=ctfmon.exe, CommandLine=/QuitInfo:0000000000000314;00000000000002E0; , Description=ctfmon.exe, Name=ctfmon.exe, ProcessId=3444
[2026-01-07 18:43:16.617] [Info] [WMI] Service changed: pgagent-pg17 | EventType=ServiceModified, Caption=PostgreSQL Scheduling Agent - pgagent-pg17, Description=Provides the ability to schedule tasks within a Postgres database server., Name=pgagent-pg17, ProcessId=6984, State=Start Pending, Status=OK
[2026-01-07 18:43:16.719] [Info] [WMI] Disk changed: C: | EventType=DiskChanged, Caption=C:, Description=Local Fixed Disk, DeviceID=C:, Name=C:
[2026-01-07 18:43:16.719] [Info] [WMI] Disk changed: D: | EventType=DiskChanged, Caption=D:, Description=Local Fixed Disk, DeviceID=D:, Name=D:
[2026-01-07 18:43:19.117] [Info] [WMI] Service changed: pgagent-pg17 | EventType=ServiceModified, Caption=PostgreSQL Scheduling Agent - pgagent-pg17, Description=Provides the ability to schedule tasks within a Postgres database server., Name=pgagent-pg17, ProcessId=6984, State=Start Pending, Status=OK
[2026-01-07 18:43:21.604] [Info] [WMI] Service changed: pgagent-pg17 | EventType=ServiceModified, Caption=PostgreSQL Scheduling Agent - pgagent-pg17, Description=Provides the ability to schedule tasks within a Postgres database server., Name=pgagent-pg17, ProcessId=6984, State=Start Pending, Status=OK
[2026-01-07 18:43:21.731] [Info] [WMI] Disk changed: C: | EventType=DiskChanged, Caption=C:, Description=Local Fixed Disk, DeviceID=C:, Name=C:
[2026-01-07 18:43:21.732] [Info] [WMI] Disk changed: D: | EventType=DiskChanged, Caption=D:, Description=Local Fixed Disk, DeviceID=D:, Name=D:
[2026-01-07 18:43:24.087] [Info] [WMI] Service changed: pgagent-pg17 | EventType=ServiceModified, Caption=PostgreSQL Scheduling Agent - pgagent-pg17, Description=Provides the ability to schedule tasks within a Postgres database server., Name=pgagent-pg17, ProcessId=6984, State=Start Pending, Status=OK
[2026-01-07 18:43:26.583] [Info] [WMI] Service changed: pgagent-pg17 | EventType=ServiceModified, Caption=PostgreSQL Scheduling Agent - pgagent-pg17, Description=Provides the ability to schedule tasks within a Postgres database server., Name=pgagent-pg17, ProcessId=6984, State=Start Pending, Status=OK
[2026-01-07 18:43:26.741] [Info] [WMI] Disk changed: C: | EventType=DiskChanged, Caption=C:, Description=Local Fixed Disk, DeviceID=C:, Name=C:
[2026-01-07 18:43:26.741] [Info] [WMI] Disk changed: D: | EventType=DiskChanged, Caption=D:, Description=Local Fixed Disk, DeviceID=D:, Name=D:
[2026-01-07 18:43:29.092] [Info] [WMI] Service changed: pgagent-pg17 | EventType=ServiceModified, Caption=PostgreSQL Scheduling Agent - pgagent-pg17, Description=Provides the ability to schedule tasks within a Postgres database server., Name=pgagent-pg17, ProcessId=6984, State=Start Pending, Status=OK
[2026-01-07 18:43:31.589] [Info] [WMI] Service changed: pgagent-pg17 | EventType=ServiceModified, Caption=PostgreSQL Scheduling Agent - pgagent-pg17, Description=Provides the ability to schedule tasks within a Postgres database server., Name=pgagent-pg17, ProcessId=6984, State=Start Pending, Status=OK
[2026-01-07 18:43:31.755] [Info] [WMI] Disk changed: C: | EventType=DiskChanged, Caption=C:, Description=Local Fixed Disk, DeviceID=C:, Name=C:
[2026-01-07 18:43:31.755] [Info] [WMI] Disk changed: D: | EventType=DiskChanged, Caption=D:, Description=Local Fixed Disk, DeviceID=D:, Name=D:
[2026-01-07 18:43:34.061] [Info] [WMI] Service changed: pgagent-pg17 | EventType=ServiceModified, Caption=PostgreSQL Scheduling Agent - pgagent-pg17, Description=Provides the ability to schedule tasks within a Postgres database server., Name=pgagent-pg17, ProcessId=6984, State=Start Pending, Status=OK
[2026-01-07 18:43:36.527] [Info] [WMI] Service changed: pgagent-pg17 | EventType=ServiceModified, Caption=PostgreSQL Scheduling Agent - pgagent-pg17, Description=Provides the ability to schedule tasks within a Postgres database server., Name=pgagent-pg17, ProcessId=6984, State=Start Pending, Status=OK
[2026-01-07 18:43:36.767] [Info] [WMI] Disk changed: C: | EventType=DiskChanged, Caption=C:, Description=Local Fixed Disk, DeviceID=C:, Name=C:
[2026-01-07 18:43:36.768] [Info] [WMI] Disk changed: D: | EventType=DiskChanged, Caption=D:, Description=Local Fixed Disk, DeviceID=D:, Name=D:
[2026-01-07 18:43:38.997] [Info] [WMI] Service changed: pgagent-pg17 | EventType=ServiceModified, Caption=PostgreSQL Scheduling Agent - pgagent-pg17, Description=Provides the ability to schedule tasks within a Postgres database server., Name=pgagent-pg17, ProcessId=6984, State=Start Pending, Status=OK
[2026-01-07 19:05:19.823] [Info] [SystemSettingsMonitor] Starting System Settings monitoring...
[2026-01-07 19:05:20.736] [Info] [SystemSettingsMonitor] System Settings monitoring started
[2026-01-07 19:05:22.942] [Info] [WMI] Service changed: pgagent-pg17 | EventType=ServiceModified, Caption=PostgreSQL Scheduling Agent - pgagent-pg17, Description=Provides the ability to schedule tasks within a Postgres database server., Name=pgagent-pg17, ProcessId=6984, State=Start Pending, Status=OK
[2026-01-07 19:05:23.503] [Info] [WMI] Process ended: ctfmon.exe | EventType=ProcessTerminated, Caption=ctfmon.exe, CommandLine=/QuitInfo:00000000000002DC;00000000000002EC; , Description=ctfmon.exe, Name=ctfmon.exe, ProcessId=6108
[2026-01-07 19:05:25.306] [Info] [WMI] Service changed: pgagent-pg17 | EventType=ServiceModified, Caption=PostgreSQL Scheduling Agent - pgagent-pg17, Description=Provides the ability to schedule tasks within a Postgres database server., Name=pgagent-pg17, ProcessId=6984, State=Start Pending, Status=OK
[2026-01-07 19:05:25.665] [Info] [WMI] Disk changed: D: | EventType=DiskChanged, Caption=D:, Description=Local Fixed Disk, DeviceID=D:, Name=D:
[2026-01-07 19:05:27.686] [Info] [WMI] Service changed: pgagent-pg17 | EventType=ServiceModified, Caption=PostgreSQL Scheduling Agent - pgagent-pg17, Description=Provides the ability to schedule tasks within a Postgres database server., Name=pgagent-pg17, ProcessId=6984, State=Start Pending, Status=OK
[2026-01-07 19:05:30.090] [Info] [WMI] Service changed: pgagent-pg17 | EventType=ServiceModified, Caption=PostgreSQL Scheduling Agent - pgagent-pg17, Description=Provides the ability to schedule tasks within a Postgres database server., Name=pgagent-pg17, ProcessId=6984, State=Start Pending, Status=OK
[2026-01-07 19:05:30.673] [Info] [WMI] Disk changed: C: | EventType=DiskChanged, Caption=C:, Description=Local Fixed Disk, DeviceID=C:, Name=C:
[2026-01-07 19:05:30.673] [Info] [WMI] Disk changed: D: | EventType=DiskChanged, Caption=D:, Description=Local Fixed Disk, DeviceID=D:, Name=D:
[2026-01-07 19:05:32.495] [Info] [WMI] Service changed: pgagent-pg17 | EventType=ServiceModified, Caption=PostgreSQL Scheduling Agent - pgagent-pg17, Description=Provides the ability to schedule tasks within a Postgres database server., Name=pgagent-pg17, ProcessId=6984, State=Start Pending, Status=OK
[2026-01-07 19:05:34.866] [Info] [WMI] Service changed: pgagent-pg17 | EventType=ServiceModified, Caption=PostgreSQL Scheduling Agent - pgagent-pg17, Description=Provides the ability to schedule tasks within a Postgres database server., Name=pgagent-pg17, ProcessId=6984, State=Start Pending, Status=OK
[2026-01-07 19:05:35.692] [Info] [WMI] Disk changed: D: | EventType=DiskChanged, Caption=D:, Description=Local Fixed Disk, DeviceID=D:, Name=D:
[2026-01-07 19:05:37.245] [Info] [WMI] Service changed: pgagent-pg17 | EventType=ServiceModified, Caption=PostgreSQL Scheduling Agent - pgagent-pg17, Description=Provides the ability to schedule tasks within a Postgres database server., Name=pgagent-pg17, ProcessId=6984, State=Start Pending, Status=OK
[2026-01-07 19:05:39.050] [Info] [WMI] Process ended: RuntimeBroker.exe | EventType=ProcessTerminated, Caption=RuntimeBroker.exe, CommandLine=C:\Windows\System32\RuntimeBroker.exe -Embedding, Description=RuntimeBroker.exe, Name=RuntimeBroker.exe, ProcessId=18048
[2026-01-07 19:05:39.592] [Info] [WMI] Service changed: pgagent-pg17 | EventType=ServiceModified, Caption=PostgreSQL Scheduling Agent - pgagent-pg17, Description=Provides the ability to schedule tasks within a Postgres database server., Name=pgagent-pg17, ProcessId=6984, State=Start Pending, Status=OK
[2026-01-07 19:05:40.714] [Info] [WMI] Disk changed: C: | EventType=DiskChanged, Caption=C:, Description=Local Fixed Disk, DeviceID=C:, Name=C:
[2026-01-07 19:05:40.714] [Info] [WMI] Disk changed: D: | EventType=DiskChanged, Caption=D:, Description=Local Fixed Disk, DeviceID=D:, Name=D:
[2026-01-07 19:05:41.966] [Info] [WMI] Service changed: pgagent-pg17 | EventType=ServiceModified, Caption=PostgreSQL Scheduling Agent - pgagent-pg17, Description=Provides the ability to schedule tasks within a Postgres database server., Name=pgagent-pg17, ProcessId=6984, State=Start Pending, Status=OK
[2026-01-07 19:05:44.312] [Info] [WMI] Service changed: pgagent-pg17 | EventType=ServiceModified, Caption=PostgreSQL Scheduling Agent - pgagent-pg17, Description=Provides the ability to schedule tasks within a Postgres database server., Name=pgagent-pg17, ProcessId=6984, State=Start Pending, Status=OK
[2026-01-07 19:05:44.659] [Info] [WMI] Process started: Notepad.exe | EventType=ProcessCreated, Caption=Notepad.exe, CommandLine="C:\Program Files\WindowsApps\Microsoft.WindowsNotepad_11.2508.38.0_x64__8wekyb3d8bbwe\Notepad\Notepad.exe" "D:\agent log\SystemChangeMonitor\bin\Release\net8.0\win-x64\Logs\FileSystem_2026-01-07.log", Description=Notepad.exe, Name=Notepad.exe, ProcessId=1780
[2026-01-07 19:05:45.720] [Info] [WMI] Disk changed: C: | EventType=DiskChanged, Caption=C:, Description=Local Fixed Disk, DeviceID=C:, Name=C:
[2026-01-07 19:05:45.721] [Info] [WMI] Disk changed: D: | EventType=DiskChanged, Caption=D:, Description=Local Fixed Disk, DeviceID=D:, Name=D:
[2026-01-07 19:05:45.770] [Info] [WMI] Process started: dllhost.exe | EventType=ProcessCreated, Caption=dllhost.exe, CommandLine=C:\Windows\system32\DllHost.exe /Processid:{AB8902B4-09CA-4BB6-B78D-A8F59079A8D5}, Description=dllhost.exe, Name=dllhost.exe, ProcessId=13960
[2026-01-07 19:05:46.675] [Info] [WMI] Service changed: pgagent-pg17 | EventType=ServiceModified, Caption=PostgreSQL Scheduling Agent - pgagent-pg17, Description=Provides the ability to schedule tasks within a Postgres database server., Name=pgagent-pg17, ProcessId=6984, State=Start Pending, Status=OK
[2026-01-07 19:05:49.051] [Info] [WMI] Service changed: pgagent-pg17 | EventType=ServiceModified, Caption=PostgreSQL Scheduling Agent - pgagent-pg17, Description=Provides the ability to schedule tasks within a Postgres database server., Name=pgagent-pg17, ProcessId=6984, State=Start Pending, Status=OK
[2026-01-07 19:05:50.736] [Info] [WMI] Disk changed: D: | EventType=DiskChanged, Caption=D:, Description=Local Fixed Disk, DeviceID=D:, Name=D:
[2026-01-07 19:05:51.336] [Info] [WMI] Process ended: dllhost.exe | EventType=ProcessTerminated, Caption=dllhost.exe, CommandLine=C:\Windows\system32\DllHost.exe /Processid:{AB8902B4-09CA-4BB6-B78D-A8F59079A8D5}, Description=dllhost.exe, Name=dllhost.exe, ProcessId=13960
[2026-01-07 19:05:51.431] [Info] [WMI] Service changed: pgagent-pg17 | EventType=ServiceModified, Caption=PostgreSQL Scheduling Agent - pgagent-pg17, Description=Provides the ability to schedule tasks within a Postgres database server., Name=pgagent-pg17, ProcessId=6984, State=Start Pending, Status=OK
[2026-01-07 19:05:53.811] [Info] [WMI] Service changed: pgagent-pg17 | EventType=ServiceModified, Caption=PostgreSQL Scheduling Agent - pgagent-pg17, Description=Provides the ability to schedule tasks within a Postgres database server., Name=pgagent-pg17, ProcessId=6984, State=Start Pending, Status=OK
[2026-01-07 19:05:56.189] [Info] [WMI] Service changed: pgagent-pg17 | EventType=ServiceModified, Caption=PostgreSQL Scheduling Agent - pgagent-pg17, Description=Provides the ability to schedule tasks within a Postgres database server., Name=pgagent-pg17, ProcessId=6984, State=Start Pending, Status=OK
[2026-01-07 19:05:58.545] [Info] [WMI] Service changed: pgagent-pg17 | EventType=ServiceModified, Caption=PostgreSQL Scheduling Agent - pgagent-pg17, Description=Provides the ability to schedule tasks within a Postgres database server., Name=pgagent-pg17, ProcessId=6984, State=Start Pending, Status=OK
[2026-01-07 19:05:59.135] [Info] [WMI] Process ended: Notepad.exe | EventType=ProcessTerminated, Caption=Notepad.exe, CommandLine="C:\Program Files\WindowsApps\Microsoft.WindowsNotepad_11.2508.38.0_x64__8wekyb3d8bbwe\Notepad\Notepad.exe" "D:\agent log\SystemChangeMonitor\bin\Release\net8.0\win-x64\Logs\FileSystem_2026-01-07.log", Description=Notepad.exe, Name=Notepad.exe, ProcessId=1780
[2026-01-07 19:05:59.136] [Info] [WMI] Process started: Notepad.exe | EventType=ProcessCreated, Caption=Notepad.exe, CommandLine="C:\Program Files\WindowsApps\Microsoft.WindowsNotepad_11.2508.38.0_x64__8wekyb3d8bbwe\Notepad\Notepad.exe" "D:\agent log\SystemChangeMonitor\bin\Release\net8.0\win-x64\Logs\Registry_2026-01-07.log", Description=Notepad.exe, Name=Notepad.exe, ProcessId=25060
[2026-01-07 19:06:00.252] [Info] [WMI] Process started: dllhost.exe | EventType=ProcessCreated, Caption=dllhost.exe, CommandLine=C:\Windows\system32\DllHost.exe /Processid:{AB8902B4-09CA-4BB6-B78D-A8F59079A8D5}, Description=dllhost.exe, Name=dllhost.exe, ProcessId=6292
[2026-01-07 19:06:00.772] [Info] [WMI] Disk changed: C: | EventType=DiskChanged, Caption=C:, Description=Local Fixed Disk, DeviceID=C:, Name=C:
[2026-01-07 19:06:00.772] [Info] [WMI] Disk changed: D: | EventType=DiskChanged, Caption=D:, Description=Local Fixed Disk, DeviceID=D:, Name=D:
[2026-01-07 19:06:00.898] [Info] [WMI] Service changed: pgagent-pg17 | EventType=ServiceModified, Caption=PostgreSQL Scheduling Agent - pgagent-pg17, Description=Provides the ability to schedule tasks within a Postgres database server., Name=pgagent-pg17, ProcessId=6984, State=Start Pending, Status=OK
[2026-01-07 19:06:03.235] [Info] [WMI] Service changed: pgagent-pg17 | EventType=ServiceModified, Caption=PostgreSQL Scheduling Agent - pgagent-pg17, Description=Provides the ability to schedule tasks within a Postgres database server., Name=pgagent-pg17, ProcessId=6984, State=Start Pending, Status=OK
[2026-01-07 19:06:05.589] [Info] [WMI] Service changed: pgagent-pg17 | EventType=ServiceModified, Caption=PostgreSQL Scheduling Agent - pgagent-pg17, Description=Provides the ability to schedule tasks within a Postgres database server., Name=pgagent-pg17, ProcessId=6984, State=Start Pending, Status=OK
[2026-01-07 19:06:05.778] [Info] [WMI] Process ended: dllhost.exe | EventType=ProcessTerminated, Caption=dllhost.exe, CommandLine=C:\Windows\system32\DllHost.exe /Processid:{AB8902B4-09CA-4BB6-B78D-A8F59079A8D5}, Description=dllhost.exe, Name=dllhost.exe, ProcessId=6292
[2026-01-07 19:06:05.784] [Info] [WMI] Disk changed: C: | EventType=DiskChanged, Caption=C:, Description=Local Fixed Disk, DeviceID=C:, Name=C:
[2026-01-07 19:06:06.888] [Info] [WMI] Process ended: Notepad.exe | EventType=ProcessTerminated, Caption=Notepad.exe, CommandLine="C:\Program Files\WindowsApps\Microsoft.WindowsNotepad_11.2508.38.0_x64__8wekyb3d8bbwe\Notepad\Notepad.exe" "D:\agent log\SystemChangeMonitor\bin\Release\net8.0\win-x64\Logs\Registry_2026-01-07.log", Description=Notepad.exe, Name=Notepad.exe, ProcessId=25060
[2026-01-07 19:06:07.939] [Info] [WMI] Service changed: pgagent-pg17 | EventType=ServiceModified, Caption=PostgreSQL Scheduling Agent - pgagent-pg17, Description=Provides the ability to schedule tasks within a Postgres database server., Name=pgagent-pg17, ProcessId=6984, State=Start Pending, Status=OK
[2026-01-07 19:06:08.034] [Info] [WMI] Process started: Notepad.exe | EventType=ProcessCreated, Caption=Notepad.exe, CommandLine="C:\Program Files\WindowsApps\Microsoft.WindowsNotepad_11.2508.38.0_x64__8wekyb3d8bbwe\Notepad\Notepad.exe" "D:\agent log\SystemChangeMonitor\bin\Release\net8.0\win-x64\Logs\Services_2026-01-07.log", Description=Notepad.exe, Name=Notepad.exe, ProcessId=8796
[2026-01-07 19:06:09.149] [Info] [WMI] Process started: dllhost.exe | EventType=ProcessCreated, Caption=dllhost.exe, CommandLine=C:\Windows\system32\DllHost.exe /Processid:{AB8902B4-09CA-4BB6-B78D-A8F59079A8D5}, Description=dllhost.exe, Name=dllhost.exe, ProcessId=14004
[2026-01-07 19:06:10.322] [Info] [WMI] Service changed: pgagent-pg17 | EventType=ServiceModified, Caption=PostgreSQL Scheduling Agent - pgagent-pg17, Description=Provides the ability to schedule tasks within a Postgres database server., Name=pgagent-pg17, ProcessId=6984, State=Start Pending, Status=OK
[2026-01-07 19:06:10.793] [Info] [WMI] Disk changed: D: | EventType=DiskChanged, Caption=D:, Description=Local Fixed Disk, DeviceID=D:, Name=D:
[2026-01-07 19:06:11.338] [Info] [WMI] Process ended: chrome.exe | EventType=ProcessTerminated, Caption=chrome.exe, Description=chrome.exe, Name=chrome.exe, ProcessId=25072
[2026-01-07 19:06:12.709] [Info] [WMI] Service changed: pgagent-pg17 | EventType=ServiceModified, Caption=PostgreSQL Scheduling Agent - pgagent-pg17, Description=Provides the ability to schedule tasks within a Postgres database server., Name=pgagent-pg17, ProcessId=6984, State=Start Pending, Status=OK
[2026-01-07 19:06:13.548] [Info] [WMI] Process ended: dllhost.exe | EventType=ProcessTerminated, Caption=dllhost.exe, CommandLine=C:\Windows\system32\DllHost.exe /Processid:{AB8902B4-09CA-4BB6-B78D-A8F59079A8D5}, Description=dllhost.exe, Name=dllhost.exe, ProcessId=14004
[2026-01-07 19:06:14.667] [Info] [WMI] Process ended: Notepad.exe | EventType=ProcessTerminated, Caption=Notepad.exe, CommandLine="C:\Program Files\WindowsApps\Microsoft.WindowsNotepad_11.2508.38.0_x64__8wekyb3d8bbwe\Notepad\Notepad.exe" "D:\agent log\SystemChangeMonitor\bin\Release\net8.0\win-x64\Logs\Services_2026-01-07.log", Description=Notepad.exe, Name=Notepad.exe, ProcessId=8796
[2026-01-07 19:06:15.071] [Info] [WMI] Service changed: pgagent-pg17 | EventType=ServiceModified, Caption=PostgreSQL Scheduling Agent - pgagent-pg17, Description=Provides the ability to schedule tasks within a Postgres database server., Name=pgagent-pg17, ProcessId=6984, State=Start Pending, Status=OK
[2026-01-07 19:06:15.806] [Info] [WMI] Disk changed: C: | EventType=DiskChanged, Caption=C:, Description=Local Fixed Disk, DeviceID=C:, Name=C:
[2026-01-07 19:06:17.431] [Info] [WMI] Service changed: pgagent-pg17 | EventType=ServiceModified, Caption=PostgreSQL Scheduling Agent - pgagent-pg17, Description=Provides the ability to schedule tasks within a Postgres database server., Name=pgagent-pg17, ProcessId=6984, State=Start Pending, Status=OK
[2026-01-07 19:06:19.813] [Info] [WMI] Service changed: pgagent-pg17 | EventType=ServiceModified, Caption=PostgreSQL Scheduling Agent - pgagent-pg17, Description=Provides the ability to schedule tasks within a Postgres database server., Name=pgagent-pg17, ProcessId=6984, State=Start Pending, Status=OK
[2026-01-07 19:06:22.172] [Info] [WMI] Service changed: pgagent-pg17 | EventType=ServiceModified, Caption=PostgreSQL Scheduling Agent - pgagent-pg17, Description=Provides the ability to schedule tasks within a Postgres database server., Name=pgagent-pg17, ProcessId=6984, State=Start Pending, Status=OK
[2026-01-07 19:06:23.574] [Info] [WMI] Process started: Notepad.exe | EventType=ProcessCreated, Caption=Notepad.exe, CommandLine="C:\Program Files\WindowsApps\Microsoft.WindowsNotepad_11.2508.38.0_x64__8wekyb3d8bbwe\Notepad\Notepad.exe" "D:\agent log\SystemChangeMonitor\bin\Release\net8.0\win-x64\Logs\Settings_2026-01-07.log", Description=Notepad.exe, Name=Notepad.exe, ProcessId=13540
[2026-01-07 19:06:23.574] [Info] [WMI] Process started: dllhost.exe | EventType=ProcessCreated, Caption=dllhost.exe, CommandLine=C:\Windows\system32\DllHost.exe /Processid:{AB8902B4-09CA-4BB6-B78D-A8F59079A8D5}, Description=dllhost.exe, Name=dllhost.exe, ProcessId=22120
[2026-01-07 19:06:24.528] [Info] [WMI] Service changed: pgagent-pg17 | EventType=ServiceModified, Caption=PostgreSQL Scheduling Agent - pgagent-pg17, Description=Provides the ability to schedule tasks within a Postgres database server., Name=pgagent-pg17, ProcessId=6984, State=Start Pending, Status=OK
[2026-01-07 19:06:25.827] [Info] [WMI] Disk changed: D: | EventType=DiskChanged, Caption=D:, Description=Local Fixed Disk, DeviceID=D:, Name=D:
[2026-01-07 19:06:26.907] [Info] [WMI] Service changed: pgagent-pg17 | EventType=ServiceModified, Caption=PostgreSQL Scheduling Agent - pgagent-pg17, Description=Provides the ability to schedule tasks within a Postgres database server., Name=pgagent-pg17, ProcessId=6984, State=Start Pending, Status=OK
[2026-01-07 19:06:29.171] [Info] [WMI] Process ended: dllhost.exe | EventType=ProcessTerminated, Caption=dllhost.exe, CommandLine=C:\Windows\system32\DllHost.exe /Processid:{AB8902B4-09CA-4BB6-B78D-A8F59079A8D5}, Description=dllhost.exe, Name=dllhost.exe, ProcessId=22120
[2026-01-07 19:06:29.285] [Info] [WMI] Service changed: pgagent-pg17 | EventType=ServiceModified, Caption=PostgreSQL Scheduling Agent - pgagent-pg17, Description=Provides the ability to schedule tasks within a Postgres database server., Name=pgagent-pg17, ProcessId=6984, State=Start Pending, Status=OK
[2026-01-07 19:06:30.840] [Info] [WMI] Disk changed: C: | EventType=DiskChanged, Caption=C:, Description=Local Fixed Disk, DeviceID=C:, Name=C:
[2026-01-07 19:06:31.641] [Info] [WMI] Service changed: pgagent-pg17 | EventType=ServiceModified, Caption=PostgreSQL Scheduling Agent - pgagent-pg17, Description=Provides the ability to schedule tasks within a Postgres database server., Name=pgagent-pg17, ProcessId=6984, State=Start Pending, Status=OK
[2026-01-07 19:06:34.104] [Info] [WMI] Service changed: pgagent-pg17 | EventType=ServiceModified, Caption=PostgreSQL Scheduling Agent - pgagent-pg17, Description=Provides the ability to schedule tasks within a Postgres database server., Name=pgagent-pg17, ProcessId=6984, State=Start Pending, Status=OK
[2026-01-07 19:06:35.858] [Info] [WMI] Disk changed: D: | EventType=DiskChanged, Caption=D:, Description=Local Fixed Disk, DeviceID=D:, Name=D:
[2026-01-07 19:06:36.557] [Info] [WMI] Service changed: pgagent-pg17 | EventType=ServiceModified, Caption=PostgreSQL Scheduling Agent - pgagent-pg17, Description=Provides the ability to schedule tasks within a Postgres database server., Name=pgagent-pg17, ProcessId=6984, State=Start Pending, Status=OK
[2026-01-07 19:06:39.010] [Info] [WMI] Service changed: pgagent-pg17 | EventType=ServiceModified, Caption=PostgreSQL Scheduling Agent - pgagent-pg17, Description=Provides the ability to schedule tasks within a Postgres database server., Name=pgagent-pg17, ProcessId=6984, State=Start Pending, Status=OK
[2026-01-07 19:06:40.871] [Info] [WMI] Disk changed: C: | EventType=DiskChanged, Caption=C:, Description=Local Fixed Disk, DeviceID=C:, Name=C:
[2026-01-07 19:06:41.476] [Info] [WMI] Service changed: pgagent-pg17 | EventType=ServiceModified, Caption=PostgreSQL Scheduling Agent - pgagent-pg17, Description=Provides the ability to schedule tasks within a Postgres database server., Name=pgagent-pg17, ProcessId=6984, State=Start Pending, Status=OK
[2026-01-07 19:06:43.938] [Info] [WMI] Service changed: pgagent-pg17 | EventType=ServiceModified, Caption=PostgreSQL Scheduling Agent - pgagent-pg17, Description=Provides the ability to schedule tasks within a Postgres database server., Name=pgagent-pg17, ProcessId=6984, State=Start Pending, Status=OK
[2026-01-07 19:06:46.403] [Info] [WMI] Service changed: pgagent-pg17 | EventType=ServiceModified, Caption=PostgreSQL Scheduling Agent - pgagent-pg17, Description=Provides the ability to schedule tasks within a Postgres database server., Name=pgagent-pg17, ProcessId=6984, State=Start Pending, Status=OK
[2026-01-07 19:06:48.842] [Info] [WMI] Service changed: pgagent-pg17 | EventType=ServiceModified, Caption=PostgreSQL Scheduling Agent - pgagent-pg17, Description=Provides the ability to schedule tasks within a Postgres database server., Name=pgagent-pg17, ProcessId=6984, State=Start Pending, Status=OK
[2026-01-07 19:06:51.294] [Info] [WMI] Service changed: pgagent-pg17 | EventType=ServiceModified, Caption=PostgreSQL Scheduling Agent - pgagent-pg17, Description=Provides the ability to schedule tasks within a Postgres database server., Name=pgagent-pg17, ProcessId=6984, State=Start Pending, Status=OK
[2026-01-07 19:06:52.857] [Info] [WMI] Process ended: svchost.exe | EventType=ProcessTerminated, Caption=svchost.exe, CommandLine=C:\Windows\system32\svchost.exe -k LocalService -p -s CaptureService, Description=svchost.exe, Name=svchost.exe, ProcessId=11232
[2026-01-07 19:06:53.653] [Info] [WMI] Service changed: CaptureService_e3f39 | EventType=ServiceModified, Caption=CaptureService_e3f39, Description=Enables optional screen capture functionality for applications that call the Windows.Graphics.Capture API., Name=CaptureService_e3f39, ProcessId=0, State=Stopped, Status=OK
[2026-01-07 19:06:53.653] [Info] [WMI] Service changed: pgagent-pg17 | EventType=ServiceModified, Caption=PostgreSQL Scheduling Agent - pgagent-pg17, Description=Provides the ability to schedule tasks within a Postgres database server., Name=pgagent-pg17, ProcessId=6984, State=Start Pending, Status=OK
[2026-01-07 19:06:55.936] [Info] [WMI] Disk changed: C: | EventType=DiskChanged, Caption=C:, Description=Local Fixed Disk, DeviceID=C:, Name=C:
[2026-01-07 19:06:56.101] [Info] [WMI] Service changed: pgagent-pg17 | EventType=ServiceModified, Caption=PostgreSQL Scheduling Agent - pgagent-pg17, Description=Provides the ability to schedule tasks within a Postgres database server., Name=pgagent-pg17, ProcessId=6984, State=Start Pending, Status=OK
[2026-01-07 19:06:58.557] [Info] [WMI] Service changed: pgagent-pg17 | EventType=ServiceModified, Caption=PostgreSQL Scheduling Agent - pgagent-pg17, Description=Provides the ability to schedule tasks within a Postgres database server., Name=pgagent-pg17, ProcessId=6984, State=Start Pending, Status=OK
[2026-01-07 19:07:00.957] [Info] [WMI] Disk changed: C: | EventType=DiskChanged, Caption=C:, Description=Local Fixed Disk, DeviceID=C:, Name=C:
[2026-01-07 19:07:00.957] [Info] [WMI] Disk changed: D: | EventType=DiskChanged, Caption=D:, Description=Local Fixed Disk, DeviceID=D:, Name=D:
[2026-01-07 19:07:01.008] [Info] [WMI] Service changed: pgagent-pg17 | EventType=ServiceModified, Caption=PostgreSQL Scheduling Agent - pgagent-pg17, Description=Provides the ability to schedule tasks within a Postgres database server., Name=pgagent-pg17, ProcessId=6984, State=Start Pending, Status=OK
[2026-01-07 19:07:03.461] [Info] [WMI] Service changed: pgagent-pg17 | EventType=ServiceModified, Caption=PostgreSQL Scheduling Agent - pgagent-pg17, Description=Provides the ability to schedule tasks within a Postgres database server., Name=pgagent-pg17, ProcessId=6984, State=Start Pending, Status=OK
[2026-01-07 19:07:04.103] [Info] [WMI] Process started: svchost.exe | EventType=ProcessCreated, Caption=svchost.exe, CommandLine=C:\Windows\system32\svchost.exe -k LocalService -p -s CaptureService, Description=svchost.exe, Name=svchost.exe, ProcessId=2672
[2026-01-07 19:07:05.893] [Info] [WMI] Service changed: CaptureService_e3f39 | EventType=ServiceModified, Caption=CaptureService_e3f39, Description=Enables optional screen capture functionality for applications that call the Windows.Graphics.Capture API., Name=CaptureService_e3f39, ProcessId=2672, State=Running, Status=OK
[2026-01-07 19:07:05.893] [Info] [WMI] Service changed: pgagent-pg17 | EventType=ServiceModified, Caption=PostgreSQL Scheduling Agent - pgagent-pg17, Description=Provides the ability to schedule tasks within a Postgres database server., Name=pgagent-pg17, ProcessId=6984, State=Start Pending, Status=OK
[2026-01-07 19:07:05.966] [Info] [WMI] Disk changed: C: | EventType=DiskChanged, Caption=C:, Description=Local Fixed Disk, DeviceID=C:, Name=C:
[2026-01-07 19:07:08.327] [Info] [WMI] Service changed: CaptureService_e3f39 | EventType=ServiceModified, Caption=CaptureService_e3f39, Description=Enables optional screen capture functionality for applications that call the Windows.Graphics.Capture API., Name=CaptureService_e3f39, ProcessId=2872, State=Start Pending, Status=Degraded
[2026-01-07 19:07:08.327] [Info] [WMI] Service changed: pgagent-pg17 | EventType=ServiceModified, Caption=PostgreSQL Scheduling Agent - pgagent-pg17, Description=Provides the ability to schedule tasks within a Postgres database server., Name=pgagent-pg17, ProcessId=6984, State=Start Pending, Status=OK
[2026-01-07 19:07:08.611] [Info] [WMI] Process ended: svchost.exe | EventType=ProcessTerminated, Caption=svchost.exe, CommandLine=C:\Windows\system32\svchost.exe -k LocalService -p -s CaptureService, Description=svchost.exe, Name=svchost.exe, ProcessId=2672
[2026-01-07 19:07:10.780] [Info] [WMI] Service changed: CaptureService_e3f39 | EventType=ServiceModified, Caption=CaptureService_e3f39, Description=Enables optional screen capture functionality for applications that call the Windows.Graphics.Capture API., Name=CaptureService_e3f39, ProcessId=25064, State=Running, Status=OK
[2026-01-07 19:07:10.781] [Info] [WMI] Service changed: pgagent-pg17 | EventType=ServiceModified, Caption=PostgreSQL Scheduling Agent - pgagent-pg17, Description=Provides the ability to schedule tasks within a Postgres database server., Name=pgagent-pg17, ProcessId=6984, State=Start Pending, Status=OK
[2026-01-07 19:07:10.892] [Info] [WMI] Process started: svchost.exe | EventType=ProcessCreated, Caption=svchost.exe, CommandLine=C:\Windows\system32\svchost.exe -k LocalService -p -s CaptureService, Description=svchost.exe, Name=svchost.exe, ProcessId=25064
[2026-01-07 19:07:10.983] [Info] [WMI] Disk changed: C: | EventType=DiskChanged, Caption=C:, Description=Local Fixed Disk, DeviceID=C:, Name=C:
[2026-01-07 19:07:13.252] [Info] [WMI] Service changed: pgagent-pg17 | EventType=ServiceModified, Caption=PostgreSQL Scheduling Agent - pgagent-pg17, Description=Provides the ability to schedule tasks within a Postgres database server., Name=pgagent-pg17, ProcessId=6984, State=Start Pending, Status=OK
[2026-01-07 19:07:15.626] [Info] [WMI] Service changed: pgagent-pg17 | EventType=ServiceModified, Caption=PostgreSQL Scheduling Agent - pgagent-pg17, Description=Provides the ability to schedule tasks within a Postgres database server., Name=pgagent-pg17, ProcessId=6984, State=Start Pending, Status=OK
[2026-01-07 19:07:15.996] [Info] [WMI] Disk changed: C: | EventType=DiskChanged, Caption=C:, Description=Local Fixed Disk, DeviceID=C:, Name=C:
[2026-01-07 19:07:18.007] [Info] [WMI] Service changed: pgagent-pg17 | EventType=ServiceModified, Caption=PostgreSQL Scheduling Agent - pgagent-pg17, Description=Provides the ability to schedule tasks within a Postgres database server., Name=pgagent-pg17, ProcessId=6984, State=Start Pending, Status=OK
[2026-01-07 19:07:20.366] [Info] [WMI] Service changed: pgagent-pg17 | EventType=ServiceModified, Caption=PostgreSQL Scheduling Agent - pgagent-pg17, Description=Provides the ability to schedule tasks within a Postgres database server., Name=pgagent-pg17, ProcessId=6984, State=Start Pending, Status=OK
[2026-01-07 19:07:20.936] [Info] [WMI] Process started: consent.exe | EventType=ProcessCreated, Caption=consent.exe, CommandLine=consent.exe 11764 760 00000171DF10FF50, Description=consent.exe, Name=consent.exe, ProcessId=21668
[2026-01-07 19:07:20.936] [Info] [WMI] Process started: ctfmon.exe | EventType=ProcessCreated, Caption=ctfmon.exe, CommandLine=/QuitInfo:000000000000032C;0000000000000310; , Description=ctfmon.exe, Name=ctfmon.exe, ProcessId=6536
[2026-01-07 19:07:21.015] [Info] [WMI] Disk changed: D: | EventType=DiskChanged, Caption=D:, Description=Local Fixed Disk, DeviceID=D:, Name=D:
[2026-01-07 19:07:22.725] [Info] [WMI] Service changed: pgagent-pg17 | EventType=ServiceModified, Caption=PostgreSQL Scheduling Agent - pgagent-pg17, Description=Provides the ability to schedule tasks within a Postgres database server., Name=pgagent-pg17, ProcessId=6984, State=Start Pending, Status=OK
[2026-01-07 19:07:23.177] [Info] [WMI] Process ended: consent.exe | EventType=ProcessTerminated, Caption=consent.exe, CommandLine=consent.exe 11764 760 00000171DF10FF50, Description=consent.exe, Name=consent.exe, ProcessId=21668
[2026-01-07 19:07:23.183] [Info] [WMI] Process started: conhost.exe | EventType=ProcessCreated, Caption=conhost.exe, CommandLine=\??\C:\Windows\system32\conhost.exe 0x4, Description=conhost.exe, Name=conhost.exe, ProcessId=21548
[2026-01-07 19:07:23.183] [Info] [WMI] Process started: SystemChangeMonitor.exe | EventType=ProcessCreated, Caption=SystemChangeMonitor.exe, CommandLine="D:\agent log\SystemChangeMonitor\bin\Release\net8.0\win-x64\SystemChangeMonitor.exe" , Description=SystemChangeMonitor.exe, Name=SystemChangeMonitor.exe, ProcessId=8844
[2026-01-07 19:07:25.098] [Info] [WMI] Service changed: pgagent-pg17 | EventType=ServiceModified, Caption=PostgreSQL Scheduling Agent - pgagent-pg17, Description=Provides the ability to sche[2026-01-07 19:07:25.270] [Info] [WMI] Service changed: pgagent-pg17 | EventType=ServiceModified, Caption=PostgreS[2026-01-07 19:07:25.391] [Info] [WMI] Process ended: ctfmon.exe | EventType=ProcessTerminated, Caption=ctfmon.exe, CommandLine=/QuitInfo:000000000000032C;0000000000000310; , Description=ctf[2026-01-07 19:07:25.896] [Info] [WMI] Process ended: ctfmon.exe | EventType=ProcessTerminated, Caption=ctfmon.exe, CommandLine=/QuitInfo:000000000000032C;0000000000000310; , Description=[2026-01-07 19:07:27.455] [Info] [WMI] Servic[2026-01-07 19:07:27.611] [Info] [WMI] Service changed: pgagent-pg17 | EventType=ServiceModified, Caption=PostgreSQL Scheduling Agent - pgagent-pg17, Description=Provides the ability to schedule tasks within a Postgres database server., Name=pgagent-pg17, ProcessId=6984, State=Start Pending, Status=OK
[2026-01-07 19:07:27.971] [Info] [WMI] Disk changed: C: | EventType=DiskChanged, Caption=C:, Description=Local Fixed Disk, DeviceID=C:, Name=C:
[2026-01-07 19:07:27.[2026-01-07 19:07:28.698] [Info] [WMI] Process ended: taskhostw.exe | EventType=ProcessTerminated, Caption=taskhostw.exe, CommandLine=taskhostw.exe, Description=taskhostw.exe, Name=taskhostw[2026-01-07 19:07:29.2[2026-01-07 19:07:29.770] [Info] [WMI] Service changed: pgagent-pg17 | EventType=ServiceModified, Caption=PostgreSQL Scheduling Agent - pgagent-pg17, Description=Provides the ability to sche[2026-01-07 19:07:29.953] [Info] [WMI] Service changed: pgagent-pg17 | EventType=ServiceModified, Caption=PostgreS[2026-01-07 19:07:31.036] [Info] [WMI] Disk changed: C: | EventType=DiskChanged, Caption=C:, Description=Local Fixed Disk, DeviceID=C:, Name=C:
[2026-01-07 19:07:32.145] [Info] [WMI] Servic[2026-01-07 19:07:32.301] [Info] [WMI] Service changed: pgagent-pg17 | EventType=ServiceModified, Caption=PostgreSQL Scheduling Agent - pgagent-pg17, Description=Provides the ability to schedule tasks within a Postgres database server., Name=pgagent-pg17, Pro[2026-01-07 19:07:34.499] [Info] [WMI] Servic[2026-01-07 19:07:34.655] [Info] [WMI] Service changed: pgagent-pg17 | EventType=ServiceModified, Caption=PostgreSQL Scheduling Agent - pgagent-pg17, Description=Provides the ability to schedule tasks within a Postgres database server., Name=pgagent-pg17, Pro[2026-01-07 19:07:36.850] [Info] [WMI] Servic[2026-01-07 19:07:36.989] [Info] [WMI] Service changed: pgagent-pg17 | EventType=ServiceModified, Caption=PostgreSQL Scheduling Agent - pgagent-pg17, Description=Provides the ability to schedule tasks within a Postgres database server., Name=pgagent-pg17, Pro[2026-01-07 19:07:39.190] [Info] [WMI] Servic[2026-01-07 19:07:39.335] [Info] [WMI] Service changed: pgagent-pg17 | EventType=ServiceModified, Caption=PostgreSQL Scheduling Agent - pgagent-pg17, Description=Provides the ability to schedule tasks within a Postgres database server., Name=pgagent-pg17, Pro[2026-01-07 19:07:41.052] [Info] [WMI] Disk c[2026-01-07 19:07:41.692] [Info] [WMI] Service changed: pgagent-pg17 | EventType=ServiceModified, Caption=PostgreSQL Scheduling Agent - pgagent-pg17, Description=Provides the ability to schedule tasks within a Postgres database server., Name=pgagent-pg17, ProcessId=6984, State=Start Pending, Status=OK
[2026-01-07 19:07:43.021] [Info] [WMI] Disk changed: C: | EventType=DiskChanged, Caption=C:, Descrip[2026-01-07 19:07:43.914] [Info] [WMI] Servic[2026-01-07 19:07:44.049] [Info] [WMI] Service changed: pgagent-pg17 | EventType=ServiceModified, Caption=PostgreSQL Scheduling Agent - pgagent-pg17, Description=Provides the ability to schedule tasks within a Postgres database server., Name=pgagent-pg17, Pro[2026-01-07 19:07:46.062] [Info] [WMI] Disk c[2026-01-07 19:07:46.367] [Info] [WMI] Service changed: pgagent-pg17 | EventType=ServiceModified, Caption=PostgreSQL Scheduling Agent - pgagent-pg17, Description=Provides the ability to schedule tasks within a Postgres database server., Name=pgagent-pg17, ProcessId=6984, State=Start Pending, Status=OK
[2026-01-07 19:07:46.905] [Info] [WMI] Process started: dllhost.exe | EventType=ProcessCreated, Caption=dllhost.exe, CommandLine=C:\Windows\system32\DllHost.exe /Processid:{AB8902B4-09CA-4BB6-B78D-A8F59079A8D5}, Description=dllhost.exe, Name=dllhost.exe, ProcessId=11268
[2026-01-07 19:07:48.037] [Info] [WMI] Disk changed: D: | EventType=DiskChanged, Caption=D:, Descrip[2026-01-07 19:07:48.591] [Info] [WMI] Servic[2026-01-07 19:07:48.751] [Info] [WMI] Service changed: pgagent-pg17 | EventType=ServiceModified, Caption=PostgreSQL Scheduling Agent - pgagent-pg17, Description=Provides the ability to schedule tasks within a Postgres database server., Name=pgagent-pg17, Pro[2026-01-07 19:07:50.975] [Info] [WMI] Servic[2026-01-07 19:07:51.126] [Info] [WMI] Service changed: pgagent-pg17 | EventType=ServiceModified, Caption=PostgreSQL Scheduling Agent - pgagent-pg17, Description=Provides the ability to schedule tasks within a Postgres database server., Name=pgagent-pg17, ProcessId=6984, State=Start Pending, Status=OK
[2026-01-07 19:07:51.537] [Info] [WMI] Process ended: postgres.exe | EventType=ProcessTerminated, Ca[2026-01-07 19:07:52.081] [Info] [WMI] Process ended: dllhost.exe | EventType=ProcessTerminated, Caption=dllhost.exe, CommandLine=C:\Windows\system32\DllHost.exe /Processid:{AB8902B4-09CA-4BB6-B78D-A8F59079A8D5}, Description=dllhost.exe, Name=dllhost.exe, ProcessId=11268
[2026-01-07 19:07:52.081] [Info] [WMI] Process ended: Notepad.exe | EventType=ProcessTerminated, Caption=Notepad.exe, CommandLine="C:\Program Files\WindowsApps\Microsoft.WindowsNotepad_11.2508.38.0_x[2026-01-07 19:07:52.479] [Info] [WMI] Process started: backgroundTaskHost.exe | EventType=ProcessCreated, Caption=backgroundTaskHost.exe, CommandLine="C:\Windows\system32\backgroundTaskHost.[2026-01-07 19:07:53.159] [Info] [WMI] Process started: backgroundTaskHost.exe | EventType=ProcessCreated, Caption=backgroundTaskHost.exe, CommandLine="C:\Windows\system32\backgroundTaskHost.exe" -ServerName:App.AppXc206n2x0eevm6mcaqje6aze5tcyc9qt6.mca, Description=backgroundTaskHost.exe, Name=backgroundTaskHost.exe, ProcessId=7860
[2026-01-07 19:07:53.355] [Info] [WMI] Service changed: pgagent-pg17 | EventType=ServiceModified, Caption=PostgreSQL Scheduling Agent - pgagent-pg17, Description=Provides the ability to schedule tasks within a Postgres database server., Name=pgagent-pg17, ProcessId=6984, State=Start Pending, Status=OK
[2026-01-07 19:07:55.407] [Info] [WMI] Process started: Notepad.exe | EventType=ProcessCreated, Caption=Notepad.exe, CommandLine="C:\Program Files\WindowsApps\Microsoft.WindowsNotepad_11.2508.38.0_x64__8wekyb3d8bbwe\Notepad\Notepad.exe" "D:\agent log\SystemChangeMonitor\bin\Release\net8.0\win-x64\Logs\System_2026-01-07.log", Description=Notepad.exe, Name=Notepad.exe, ProcessId=20256
[2026-01-07 19:07:55.699] [Info] [WMI] Service changed: pgagent-pg17 | EventType=ServiceModified, Caption=PostgreSQL Scheduling Agent - pgagent-pg17, Description=Provides the ability to schedule tasks within a Postgres database server., Name=pgagent-pg17, ProcessId=6984, State=Start Pending, Status=OK
[2026-01-07 19:07:56.080] [Info] [WMI] Disk changed: C: | EventType=DiskChanged, Caption=C:, Description=Local Fixed Disk, DeviceID=C:, Name=C:
[2026-01-07 19:07:56.081] [Info] [WMI] Disk changed: D: | EventType=DiskChanged, Caption=D:, Description=Local Fixed Disk, DeviceID=D:, Name=D:
[2026-01-07 19:07:56.509] [Info] [WMI] Process started: dllhost.exe | EventType=ProcessCreated, Caption=dllhost.exe, CommandLine=C:\Windows\system32\DllHost.exe /Processid:{AB8902B4-09CA-4BB6-B78D-A8F59079A8D5}, Description=dllhost.exe, Name=dllhost.exe, ProcessId=18712
[2026-01-07 19:07:58.038] [Info] [WMI] Service changed: pgagent-pg17 | EventType=S[2026-01-07 19:07:58.049] [Info] [WMI] Disk changed: C: | EventType=DiskChanged, Caption=C:, Description=Local Fixed Disk, DeviceID=C:, Name=C:
[2026-01-07 19:07:58.049] [Info] [WMI] Disk changed: D: | EventType=DiskChang[2026-01-07 19:08:00.389] [Info] [WMI] Service changed: pgagent-pg17 | EventType=ServiceModified, Caption=PostgreSQL Scheduling Agent - pgagent-pg17, Description=Provides the ability to schedule tasks within a Postgres database server., Name=pgagent-pg17, ProcessId=6984, State=Start Pending, Status=OK
[2026-01-07 19:08:01.021] [Info] [WMI] Process ended: dllhost.exe | EventType=ProcessTerminated, Caption=dllhost.exe, CommandLine=C:\Windows\system32\DllHost.exe /Processid:{AB8902B4-09CA-4BB6-B78D-A8F59079A8D5}, Description=dllhost.exe, Name=dllhost.exe, ProcessId=18712
[2026-01-07 19:08:01.088] [Info] [WMI] Disk changed: C: | EventType=DiskChanged, Caption=C:, Description=Local Fixed Disk, DeviceID=C:, Name=C:
[2026-01-07 19:08:01.088] [Info] [WMI] Disk changed: D: | EventType=DiskChanged, Caption=D:, Description=Local Fixed Disk, DeviceID=D:, Name=D:
[2026-01-07 19:08:02.719] [Info] [WMI] Service changed: pgagent-pg17 | EventType=ServiceModified, Caption=PostgreSQL Scheduling Agent - pgagent-pg17, Description=Provides the ability to schedule tasks within a Postgres database server., Name=pgagent-pg17, ProcessId=6984, State=Start Pending, Status=OK
[2026-01-07 19:08:05.068] [Info] [WMI] Service changed: pgagent-pg17 | EventType=ServiceModified, Caption=PostgreSQL Scheduling Agent - pgagent-pg17, Description=Provides the ability to schedule tasks within a Postgres database server., Name=pgagent-pg17, ProcessId=6984, State=Start Pending, Status=OK
[2026-01-07 19:08:07.412] [Info] [WMI] Service changed: pgagent-pg17 | EventType=ServiceModified, Caption=PostgreSQL Scheduling Agent - pgagent-pg17, Description=Provides the ability to schedule tasks within a Postgres database server., Name=pgagent-pg17, ProcessId=6984, State=Start Pending, Status=OK
[2026-01-07 19:08:09.776] [Info] [WMI] Service changed: pgagent-pg17 | EventType=ServiceModified, Caption=PostgreSQL Scheduling Agent - pgagent-pg17, Description=Provides the ability to schedule tasks within a Postgres database server., Name=pgagent-pg17, ProcessId=6984, State=Start Pending, Status=OK
[2026-01-07 19:08:11.111] [Info] [WMI] Disk changed: C: | EventType=DiskChanged, Caption=C:, Description=Local Fixed Disk, DeviceID=C:, Name=C:
[2026-01-07 19:08:12.102] [Info] [WMI] Service changed: pgagent-pg17 | EventType=ServiceModified, Caption=PostgreSQL Scheduling Agent - pgagent-pg17, Description=Provides the ability to schedule tasks within a Postgres database server., Name=pgagent-pg17, ProcessId=6984, State=Start Pending, Status=OK
[2026-01-07 19:08:14.460] [Info] [WMI] Service changed: pgagent-pg17 | EventType=ServiceModified, Caption=PostgreSQL Scheduling Agent - pgagent-pg17, Description=Provides the ability to schedule tasks within a Postgres database server., Name=pgagent-pg17, ProcessId=6984, State=Start Pending, Status=OK
[2026-01-07 19:08:16.126] [Info] [WMI] Disk changed: C: | EventType=DiskChanged, Caption=C:, Description=Local Fixed Disk, DeviceID=C:, Name=C:
[2026-01-07 19:08:16.820] [Info] [WMI] Service changed: pgagent-pg17 | EventType=ServiceModified, Caption=PostgreSQL Scheduling Agent - pgagent-pg17, Description=Provides the ability to schedule tasks within a Postgres database server., Name=pgagent-pg17, ProcessId=6984, State=Start Pending, Status=OK
[2026-01-07 19:08:19.161] [Info] [WMI] Service changed: pgagent-pg17 | EventType=ServiceModified, Caption=PostgreSQL Scheduling Agent - pgagent-pg17, Description=Provides the ability to schedule tasks within a Postgres database server., Name=pgagent-pg17, ProcessId=6984, State=Start Pending, Status=OK
[2026-01-07 19:08:21.529] [Info] [WMI] Service changed: pgagent-pg17 | EventType=ServiceModified, Caption=PostgreSQL Scheduling Agent - pgagent-pg17, Description=Provides the ability to schedule tasks within a Postgres database server., Name=pgagent-pg17, ProcessId=6984, State=Start Pending, Status=OK
[2026-01-07 19:08:23.881] [Info] [WMI] Service changed: pgagent-pg17 | EventType=ServiceModified, Caption=PostgreSQL Scheduling Agent - pgagent-pg17, Description=Provides the ability to schedule tasks within a Postgres database server., Name=pgagent-pg17, ProcessId=6984, State=Start Pending, Status=OK
[2026-01-07 19:08:26.235] [Info] [WMI] Service changed: pgagent-pg17 | EventType=ServiceModified, Caption=PostgreSQL Scheduling Agent - pgagent-pg17, Description=Provides the ability to schedule tasks within a Postgres database server., Name=pgagent-pg17, ProcessId=6984, State=Start Pending, Status=OK
[2026-01-07 19:08:28.584] [Info] [WMI] Service changed: pgagent-pg17 | EventType=ServiceModified, Caption=PostgreSQL Scheduling Agent - pgagent-pg17, Description=Provides the ability to schedule tasks within a Postgres database server., Name=pgagent-pg17, ProcessId=6984, State=Start Pending, Status=OK
[2026-01-07 19:08:30.934] [Info] [WMI] Service changed: pgagent-pg17 | EventType=ServiceModified, Caption=PostgreSQL Scheduling Agent - pgagent-pg17, Description=Provides the ability to schedule tasks within a Postgres database server., Name=pgagent-pg17, ProcessId=6984, State=Start Pending, Status=OK
[2026-01-07 19:08:31.168] [Info] [WMI] Disk changed: C: | EventType=DiskChanged, Caption=C:, Description=Local Fixed Disk, DeviceID=C:, Name=C:
[2026-01-07 19:08:33.284] [Info] [WMI] Service changed: pgagent-pg17 | EventType=ServiceModified, Caption=PostgreSQL Scheduling Agent - pgagent-pg17, Description=Provides the ability to schedule tasks within a Postgres database server., Name=pgagent-pg17, ProcessId=6984, State=Start Pending, Status=OK
[2026-01-07 19:08:35.640] [Info] [WMI] Service changed: pgagent-pg17 | EventType=ServiceModified, Caption=PostgreSQL Scheduling Agent - pgagent-pg17, Description=Provides the ability to schedule tasks within a Postgres database server., Name=pgagent-pg17, ProcessId=6984, State=Start Pending, Status=OK
[2026-01-07 19:08:36.180] [Info] [WMI] Disk changed: C: | EventType=DiskChanged, Caption=C:, Description=Local Fixed Disk, DeviceID=C:, Name=C:
[2026-01-07 19:08:36.181] [Info] [WMI] Disk changed: D: | EventType=DiskChanged, Caption=D:, Description=Local Fixed Disk, DeviceID=D:, Name=D:
[2026-01-07 19:08:38.007] [Info] [WMI] Service changed: pgagent-pg17 | EventType=ServiceModified, Caption=PostgreSQL Scheduling Agent - pgagent-pg17, Description=Provides the ability to schedule tasks within a Postgres database server., Name=pgagent-pg17, ProcessId=6984, State=Start Pending, Status=OK
[2026-01-07 19:08:40.363] [Info] [WMI] Service changed: pgagent-pg17 | EventType=ServiceModified, Caption=PostgreSQL Scheduling Agent - pgagent-pg17, Description=Provides the ability to schedule tasks within a Postgres database server., Name=pgagent-pg17, ProcessId=6984, State=Start Pending, Status=OK
[2026-01-07 19:08:41.203] [Info] [WMI] Disk changed: C: | EventType=DiskChanged, Caption=C:, Description=Local Fixed Disk, DeviceID=C:, Name=C:
[2026-01-07 19:08:41.203] [Info] [WMI] Disk changed: D: | EventType=DiskChanged, Caption=D:, Description=Local Fixed Disk, DeviceID=D:, Name=D:
[2026-01-07 19:08:42.710] [Info] [WMI] Service changed: pgagent-pg17 | EventType=ServiceModified, Caption=PostgreSQL Scheduling Agent - pgagent-pg17, Description=Provides the ability to schedule tasks within a Postgres database server., Name=pgagent-pg17, ProcessId=6984, State=Start Pending, Status=OK
[2026-01-07 19:08:45.067] [Info] [WMI] Service changed: pgagent-pg17 | EventType=ServiceModified, Caption=PostgreSQL Scheduling Agent - pgagent-pg17, Description=Provides the ability to schedule tasks within a Postgres database server., Name=pgagent-pg17, ProcessId=6984, State=Start Pending, Status=OK
[2026-01-07 19:08:47.397] [Info] [WMI] Service changed: pgagent-pg17 | EventType=ServiceModified, Caption=PostgreSQL Scheduling Agent - pgagent-pg17, Description=Provides the ability to schedule tasks within a Postgres database server., Name=pgagent-pg17, ProcessId=6984, State=Start Pending, Status=OK
[2026-01-07 19:08:49.108] [Info] [WMI] Process ended: Notepad.exe | EventType=ProcessTerminated, Caption=Notepad.exe, CommandLine="C:\Program Files\WindowsApps\Microsoft.WindowsNotepad_11.2508.38.0_x64__8wekyb3d8bbwe\Notepad\Notepad.exe" "D:\agent log\SystemChangeMonitor\bin\Release\net8.0\win-x64\Logs\System_2026-01-07.log", Description=Notepad.exe, Name=Notepad.exe, ProcessId=20256
[2026-01-07 19:08:49.702] [Info] [WMI] Service changed: pgagent-pg17 | EventType=ServiceModified, Caption=PostgreSQL Scheduling Agent - pgagent-pg17, Description=Provides the ability to schedule tasks within a Postgres database server., Name=pgagent-pg17, ProcessId=6984, State=Start Pending, Status=OK
tatus=OK
