[2026-01-07 18:27:56.589] [Info] [LogManager] Log manager initialized
[2026-01-07 18:27:56.593] [Info] [Program] === System Change Monitor Started ===
[2026-01-07 18:27:56.593] [Info] [Program] Machine: ROG_MAHDI
[2026-01-07 18:27:56.594] [Info] [Program] OS: Microsoft Windows NT 10.0.26200.0
[2026-01-07 18:27:56.595] [Info] [Program] User: ROG_Mahdi\Morph
[2026-01-07 18:39:20.425] [Info] [LogManager] Log manager initialized
[2026-01-07 18:39:20.447] [Info] [Program] === System Change Monitor Started ===
[2026-01-07 18:39:20.447] [Info] [Program] Machine: ROG_MAHDI
[2026-01-07 18:39:20.448] [Info] [Program] OS: Microsoft Windows NT 10.0.26200.0
[2026-01-07 18:39:20.449] [Info] [Program] User: ROG_Mahdi\Morph
[2026-01-07 18:41:37.328] [Info] [Program] === System Change Monitor Stopping ===
[2026-01-07 18:41:37.363] [Info] [Program] === System Change Monitor Stopped ===
[2026-01-07 18:41:37.363] [Info] [LogManager] Shutting down log manager...
[2026-01-07 18:43:10.783] [Info] [LogManager] Log manager initialized
[2026-01-07 18:43:10.786] [Info] [Program] === System Change Monitor Started ===
[2026-01-07 18:43:10.786] [Info] [Program] Machine: ROG_MAHDI
[2026-01-07 18:43:10.788] [Info] [Program] OS: Microsoft Windows NT 10.0.26200.0
[2026-01-07 18:43:10.789] [Info] [Program] User: ROG_Mahdi\Morph
[2026-01-07 19:05:19.790] [Info] [LogManager] Log manager initialized
[2026-01-07 19:05:19.793] [Info] [Program] === System Change Monitor Started ===
[2026-01-07 19:05:19.793] [Info] [Program] Machine: ROG_MAHDI
[2026-01-07 19:05:19.794] [Info] [Program] OS: Microsoft Windows NT 10.0.26200.0
[2026-01-07 19:05:19.796] [Info] [Program] User: ROG_Mahdi\Morph
[2026-01-07 19:07:22.243] [Info] [LogManager] Log manager initialized
[2026-01-07 19:07:22.246] [Info] [Program] === System Change Monitor Started ===
[2026-01-07 19:07:22.246] [Info] [Program] Machine: ROG_MAHDI
[2026-01-07 19:07:22.247] [Info] [Program] OS: Microsoft Windows NT 10.0.26200.0
[2026-01-07 19:07:22.249] [Info] [Program] User: ROG_Mahdi\Morph
